iis2mdc.c:223:9:IIS2MDC_GetCapabilities	0	static
iis2mdc.c:295:9:IIS2MDC_MAG_GetSensitivity	0	static
iis2mdc.c:376:9:IIS2MDC_MAG_GetFullScale	0	static
iis2mdc.c:390:9:IIS2MDC_MAG_SetFullScale	0	static
iis2mdc.c:533:16:ReadMagRegWrap	8	static
iis2mdc.c:557:16:WriteMagRegWrap	8	static
iis2mdc.c:246:9:IIS2MDC_MAG_Enable	8	static
iis2mdc.c:270:9:IIS2MDC_MAG_Disable	8	static
iis2mdc.c:188:9:IIS2MDC_DeInit	8	static
iis2mdc.c:352:9:IIS2MDC_MAG_SetOutputDataRate	8	static
iis2mdc.c:152:9:IIS2MDC_Init	16	static
iis2mdc.c:207:9:IIS2MDC_ReadID	8	static
iis2mdc.c:309:9:IIS2MDC_MAG_GetOutputDataRate	16	static
iis2mdc.c:403:9:IIS2MDC_MAG_GetAxesRaw	16	static
iis2mdc.c:427:9:IIS2MDC_MAG_GetAxes	32	static
iis2mdc.c:456:9:IIS2MDC_Read_Reg	8	static
iis2mdc.c:473:9:IIS2MDC_Write_Reg	16	static
iis2mdc.c:84:9:IIS2MDC_RegisterBusIO	8	static
iis2mdc.c:489:9:IIS2MDC_MAG_Get_DRDY_Status	8	static
iis2mdc.c:505:9:IIS2MDC_MAG_Get_Init_Status	0	static
