iis2mdc_reg.c:48:9:iis2mdc_read_reg	8	static
iis2mdc_reg.c:66:9:iis2mdc_write_reg	8	static
iis2mdc_reg.c:86:7:iis2mdc_from_lsb_to_mgauss	0	static
iis2mdc_reg.c:91:7:iis2mdc_from_lsb_to_celsius	0	static
iis2mdc_reg.c:122:9:iis2mdc_mag_user_offset_set	8	static
iis2mdc_reg.c:142:9:iis2mdc_mag_user_offset_get	8	static
iis2mdc_reg.c:157:9:iis2mdc_operating_mode_set	24	static
iis2mdc_reg.c:178:9:iis2mdc_operating_mode_get	16	static
iis2mdc_reg.c:209:9:iis2mdc_data_rate_set	24	static
iis2mdc_reg.c:230:9:iis2mdc_data_rate_get	16	static
iis2mdc_reg.c:264:9:iis2mdc_power_mode_set	24	static
iis2mdc_reg.c:285:9:iis2mdc_power_mode_get	16	static
iis2mdc_reg.c:313:9:iis2mdc_offset_temp_comp_set	24	static
iis2mdc_reg.c:334:9:iis2mdc_offset_temp_comp_get	16	static
iis2mdc_reg.c:353:9:iis2mdc_low_pass_bandwidth_set	24	static
iis2mdc_reg.c:375:9:iis2mdc_low_pass_bandwidth_get	16	static
iis2mdc_reg.c:405:9:iis2mdc_set_rst_mode_set	24	static
iis2mdc_reg.c:426:9:iis2mdc_set_rst_mode_get	16	static
iis2mdc_reg.c:462:9:iis2mdc_set_rst_sensor_single_set	24	static
iis2mdc_reg.c:487:9:iis2mdc_set_rst_sensor_single_get	16	static
iis2mdc_reg.c:506:9:iis2mdc_block_data_update_set	24	static
iis2mdc_reg.c:527:9:iis2mdc_block_data_update_get	16	static
iis2mdc_reg.c:546:9:iis2mdc_mag_data_ready_get	16	static
iis2mdc_reg.c:565:9:iis2mdc_mag_data_ovr_get	16	static
iis2mdc_reg.c:584:9:iis2mdc_magnetic_raw_get	8	static
iis2mdc_reg.c:599:9:iis2mdc_temperature_raw_get	8	static
iis2mdc_reg.c:626:9:iis2mdc_device_id_get	8	static
iis2mdc_reg.c:642:9:iis2mdc_reset_set	24	static
iis2mdc_reg.c:663:9:iis2mdc_reset_get	16	static
iis2mdc_reg.c:682:9:iis2mdc_boot_set	24	static
iis2mdc_reg.c:703:9:iis2mdc_boot_get	16	static
iis2mdc_reg.c:722:9:iis2mdc_self_test_set	24	static
iis2mdc_reg.c:743:9:iis2mdc_self_test_get	16	static
iis2mdc_reg.c:762:9:iis2mdc_data_format_set	24	static
iis2mdc_reg.c:783:9:iis2mdc_data_format_get	16	static
iis2mdc_reg.c:811:9:iis2mdc_status_get	8	static
iis2mdc_reg.c:841:9:iis2mdc_offset_int_conf_set	24	static
iis2mdc_reg.c:865:9:iis2mdc_offset_int_conf_get	16	static
iis2mdc_reg.c:894:9:iis2mdc_drdy_on_pin_set	24	static
iis2mdc_reg.c:915:9:iis2mdc_drdy_on_pin_get	16	static
iis2mdc_reg.c:934:9:iis2mdc_int_on_pin_set	24	static
iis2mdc_reg.c:955:9:iis2mdc_int_on_pin_get	16	static
iis2mdc_reg.c:974:9:iis2mdc_int_gen_conf_set	8	static
iis2mdc_reg.c:990:9:iis2mdc_int_gen_conf_get	8	static
iis2mdc_reg.c:1006:9:iis2mdc_int_gen_source_get	8	static
iis2mdc_reg.c:1024:9:iis2mdc_int_gen_treshold_set	8	static
iis2mdc_reg.c:1041:9:iis2mdc_int_gen_treshold_get	8	static
iis2mdc_reg.c:1069:9:iis2mdc_i2c_interface_set	24	static
iis2mdc_reg.c:1090:9:iis2mdc_i2c_interface_get	16	static
