ism330dhcx.c:276:9:ISM330DHCX_GetCapabilities	0	static
ism330dhcx.c:2871:16:ISM330DHCX_ACC_SetOutputDataRate_When_Disabled	0	static
ism330dhcx.c:2923:16:ISM330DHCX_GYRO_SetOutputDataRate_When_Disabled	0	static
ism330dhcx.c:2997:16:ReadRegWrap	8	static
ism330dhcx.c:3012:16:WriteRegWrap	8	static
ism330dhcx.c:299:9:ISM330DHCX_ACC_Enable	8	static
ism330dhcx.c:2841:16:ISM330DHCX_ACC_SetOutputDataRate_When_Enabled	8	static
ism330dhcx.c:469:9:ISM330DHCX_ACC_SetOutputDataRate	8	static
ism330dhcx.c:531:9:ISM330DHCX_ACC_SetFullScale	8	static
ism330dhcx.c:612:9:ISM330DHCX_GYRO_Enable	8	static
ism330dhcx.c:2893:16:ISM330DHCX_GYRO_SetOutputDataRate_When_Enabled	8	static
ism330dhcx.c:786:9:ISM330DHCX_GYRO_SetOutputDataRate	8	static
ism330dhcx.c:158:9:ISM330DHCX_Init	16	static
ism330dhcx.c:852:9:ISM330DHCX_GYRO_SetFullScale	8	static
ism330dhcx.c:260:9:ISM330DHCX_ReadID	8	static
ism330dhcx.c:323:9:ISM330DHCX_ACC_Disable	16	static
ism330dhcx.c:398:9:ISM330DHCX_ACC_GetOutputDataRate	16	static
ism330dhcx.c:354:9:ISM330DHCX_ACC_GetSensitivity	16	static
ism330dhcx.c:488:9:ISM330DHCX_ACC_GetFullScale	16	static
ism330dhcx.c:556:9:ISM330DHCX_ACC_GetAxesRaw	16	static
ism330dhcx.c:580:9:ISM330DHCX_ACC_GetAxes	32	static
ism330dhcx.c:636:9:ISM330DHCX_GYRO_Disable	16	static
ism330dhcx.c:232:9:ISM330DHCX_DeInit	8	static
ism330dhcx.c:715:9:ISM330DHCX_GYRO_GetOutputDataRate	16	static
ism330dhcx.c:667:9:ISM330DHCX_GYRO_GetSensitivity	16	static
ism330dhcx.c:805:9:ISM330DHCX_GYRO_GetFullScale	16	static
ism330dhcx.c:876:9:ISM330DHCX_GYRO_GetAxesRaw	16	static
ism330dhcx.c:900:9:ISM330DHCX_GYRO_GetAxes	32	static
ism330dhcx.c:932:9:ISM330DHCX_Read_Reg	8	static
ism330dhcx.c:949:9:ISM330DHCX_Write_Reg	16	static
ism330dhcx.c:101:9:ISM330DHCX_RegisterBusIO	8	static
ism330dhcx.c:965:9:ISM330DHCX_Set_Interrupt_Latch	8	static
ism330dhcx.c:986:9:ISM330DHCX_Set_INT1_Drdy	24	static
ism330dhcx.c:1011:9:ISM330DHCX_Set_Drdy_Mode	8	static
ism330dhcx.c:1026:9:ISM330DHCX_ACC_Enable_Free_Fall_Detection	32	static
ism330dhcx.c:1112:9:ISM330DHCX_ACC_Disable_Free_Fall_Detection	24	static
ism330dhcx.c:1163:9:ISM330DHCX_ACC_Set_Free_Fall_Threshold	8	static
ism330dhcx.c:1179:9:ISM330DHCX_ACC_Set_Free_Fall_Duration	8	static
ism330dhcx.c:1195:9:ISM330DHCX_ACC_Enable_Wake_Up_Detection	32	static
ism330dhcx.c:1269:9:ISM330DHCX_ACC_Disable_Wake_Up_Detection	24	static
ism330dhcx.c:1320:9:ISM330DHCX_ACC_Set_Wake_Up_Threshold	8	static
ism330dhcx.c:1337:9:ISM330DHCX_ACC_Set_Wake_Up_Duration	8	static
ism330dhcx.c:1354:9:ISM330DHCX_ACC_Enable_Single_Tap_Detection	32	static
ism330dhcx.c:1456:9:ISM330DHCX_ACC_Disable_Single_Tap_Detection	24	static
ism330dhcx.c:1531:9:ISM330DHCX_ACC_Enable_Double_Tap_Detection	32	static
ism330dhcx.c:1641:9:ISM330DHCX_ACC_Disable_Double_Tap_Detection	24	static
ism330dhcx.c:1728:9:ISM330DHCX_ACC_Set_Tap_Threshold	8	static
ism330dhcx.c:1745:9:ISM330DHCX_ACC_Set_Tap_Shock_Time	8	static
ism330dhcx.c:1762:9:ISM330DHCX_ACC_Set_Tap_Quiet_Time	8	static
ism330dhcx.c:1779:9:ISM330DHCX_ACC_Set_Tap_Duration_Time	8	static
ism330dhcx.c:1796:9:ISM330DHCX_ACC_Enable_6D_Orientation	32	static
ism330dhcx.c:1864:9:ISM330DHCX_ACC_Disable_6D_Orientation	24	static
ism330dhcx.c:1909:9:ISM330DHCX_ACC_Set_6D_Orientation_Threshold	8	static
ism330dhcx.c:1925:9:ISM330DHCX_ACC_Get_6D_Orientation_XL	16	static
ism330dhcx.c:1945:9:ISM330DHCX_ACC_Get_6D_Orientation_XH	16	static
ism330dhcx.c:1965:9:ISM330DHCX_ACC_Get_6D_Orientation_YL	16	static
ism330dhcx.c:1985:9:ISM330DHCX_ACC_Get_6D_Orientation_YH	16	static
ism330dhcx.c:2005:9:ISM330DHCX_ACC_Get_6D_Orientation_ZL	16	static
ism330dhcx.c:2025:9:ISM330DHCX_ACC_Get_6D_Orientation_ZH	16	static
ism330dhcx.c:2045:9:ISM330DHCX_ACC_Get_Event_Status	40	static
ism330dhcx.c:2135:9:ISM330DHCX_ACC_Set_SelfTest	8	static
ism330dhcx.c:2158:9:ISM330DHCX_ACC_Get_DRDY_Status	8	static
ism330dhcx.c:2174:9:ISM330DHCX_ACC_Get_Init_Status	0	static
ism330dhcx.c:2192:9:ISM330DHCX_ACC_Enable_HP_Filter	8	static
ism330dhcx.c:2207:9:ISM330DHCX_GYRO_Set_SelfTest	8	static
ism330dhcx.c:2231:9:ISM330DHCX_GYRO_Get_DRDY_Status	8	static
ism330dhcx.c:2247:9:ISM330DHCX_GYRO_Get_Init_Status	0	static
ism330dhcx.c:2265:9:ISM330DHCX_FIFO_Get_Num_Samples	8	static
ism330dhcx.c:2281:9:ISM330DHCX_FIFO_Get_Full_Status	16	static
ism330dhcx.c:2301:9:ISM330DHCX_FIFO_ACC_Set_BDR	8	static
ism330dhcx.c:2330:9:ISM330DHCX_FIFO_GYRO_Set_BDR	8	static
ism330dhcx.c:2359:9:ISM330DHCX_FIFO_Set_INT1_FIFO_Full	24	static
ism330dhcx.c:2384:9:ISM330DHCX_FIFO_Set_INT2_FIFO_Full	24	static
ism330dhcx.c:2409:9:ISM330DHCX_FIFO_Set_Watermark_Level	8	static
ism330dhcx.c:2425:9:ISM330DHCX_FIFO_Set_Stop_On_Fth	8	static
ism330dhcx.c:2441:9:ISM330DHCX_FIFO_Set_Mode	8	static
ism330dhcx.c:2479:9:ISM330DHCX_FIFO_Get_Tag	16	static
ism330dhcx.c:2499:9:ISM330DHCX_FIFO_Get_Data	8	static
ism330dhcx.c:2515:9:ISM330DHCX_FIFO_ACC_Get_Axes	40	static
ism330dhcx.c:2553:9:ISM330DHCX_FIFO_GYRO_Get_Axes	40	static
ism330dhcx.c:2591:9:ISM330DHCX_FIFO_Full_Set_INT1	24	static
ism330dhcx.c:2616:9:ISM330DHCX_FIFO_ACC_Get_Axis	40	static
ism330dhcx.c:2654:9:ISM330DHCX_FIFO_Get_Data_Word	16	static
ism330dhcx.c:2676:9:ISM330DHCX_FIFO_GYRO_Get_Axis	40	static
ism330dhcx.c:2713:9:ISM330DHCX_ACC_Enable_DRDY_On_INT1	16	static
ism330dhcx.c:2739:9:ISM330DHCX_ACC_Disable_DRDY_On_INT1	16	static
ism330dhcx.c:2764:9:ISM330DHCX_GYRO_Enable_DRDY_On_INT2	16	static
ism330dhcx.c:2790:9:ISM330DHCX_GYRO_Disable_DRDY_On_INT2	16	static
ism330dhcx.c:2816:9:ISM330DHCX_DRDY_Set_Mode	8	static
ism330dhcx.c:2945:9:ISM330DHCX_FIFO_Set_INT2_Drdy	24	static
ism330dhcx.c:2970:9:ISM330DHCX_Set_INT2_Drdy	24	static
