ism330dhcx_reg.c:49:9:ism330dhcx_read_reg	8	static
ism330dhcx_reg.c:67:9:ism330dhcx_write_reg	8	static
ism330dhcx_reg.c:87:9:ism330dhcx_from_fs2g_to_mg	0	static
ism330dhcx_reg.c:92:9:ism330dhcx_from_fs4g_to_mg	0	static
ism330dhcx_reg.c:97:9:ism330dhcx_from_fs8g_to_mg	0	static
ism330dhcx_reg.c:102:9:ism330dhcx_from_fs16g_to_mg	0	static
ism330dhcx_reg.c:107:9:ism330dhcx_from_fs125dps_to_mdps	0	static
ism330dhcx_reg.c:112:9:ism330dhcx_from_fs250dps_to_mdps	0	static
ism330dhcx_reg.c:117:9:ism330dhcx_from_fs500dps_to_mdps	0	static
ism330dhcx_reg.c:122:9:ism330dhcx_from_fs1000dps_to_mdps	0	static
ism330dhcx_reg.c:127:9:ism330dhcx_from_fs2000dps_to_mdps	0	static
ism330dhcx_reg.c:132:9:ism330dhcx_from_fs4000dps_to_mdps	0	static
ism330dhcx_reg.c:137:9:ism330dhcx_from_lsb_to_celsius	0	static
ism330dhcx_reg.c:142:9:ism330dhcx_from_lsb_to_nsec	0	static
ism330dhcx_reg.c:168:9:ism330dhcx_xl_full_scale_set	24	static
ism330dhcx_reg.c:191:9:ism330dhcx_xl_full_scale_get	16	static
ism330dhcx_reg.c:410:9:ism330dhcx_xl_data_rate_get	16	static
ism330dhcx_reg.c:469:9:ism330dhcx_gy_full_scale_set	24	static
ism330dhcx_reg.c:491:9:ism330dhcx_gy_full_scale_get	16	static
ism330dhcx_reg.c:716:9:ism330dhcx_gy_data_rate_get	16	static
ism330dhcx_reg.c:772:9:ism330dhcx_block_data_update_set	24	static
ism330dhcx_reg.c:793:9:ism330dhcx_block_data_update_get	16	static
ism330dhcx_reg.c:813:9:ism330dhcx_xl_offset_weight_set	24	static
ism330dhcx_reg.c:836:9:ism330dhcx_xl_offset_weight_get	16	static
ism330dhcx_reg.c:866:9:ism330dhcx_xl_power_mode_set	24	static
ism330dhcx_reg.c:888:9:ism330dhcx_xl_power_mode_get	16	static
ism330dhcx_reg.c:917:9:ism330dhcx_gy_power_mode_set	24	static
ism330dhcx_reg.c:939:9:ism330dhcx_gy_power_mode_get	16	static
ism330dhcx_reg.c:1023:9:ism330dhcx_status_reg_get	8	static
ism330dhcx_reg.c:1039:9:ism330dhcx_xl_flag_data_ready_get	16	static
ism330dhcx_reg.c:1059:9:ism330dhcx_gy_flag_data_ready_get	16	static
ism330dhcx_reg.c:1079:9:ism330dhcx_temp_flag_data_ready_get	16	static
ism330dhcx_reg.c:1102:9:ism330dhcx_xl_usr_offset_x_set	8	static
ism330dhcx_reg.c:1119:9:ism330dhcx_xl_usr_offset_x_get	8	static
ism330dhcx_reg.c:1136:9:ism330dhcx_xl_usr_offset_y_set	8	static
ism330dhcx_reg.c:1153:9:ism330dhcx_xl_usr_offset_y_get	8	static
ism330dhcx_reg.c:1170:9:ism330dhcx_xl_usr_offset_z_set	8	static
ism330dhcx_reg.c:1187:9:ism330dhcx_xl_usr_offset_z_get	8	static
ism330dhcx_reg.c:1202:9:ism330dhcx_xl_usr_offset_set	24	static
ism330dhcx_reg.c:1224:9:ism330dhcx_xl_usr_offset_get	16	static
ism330dhcx_reg.c:1256:9:ism330dhcx_timestamp_set	24	static
ism330dhcx_reg.c:1278:9:ism330dhcx_timestamp_get	16	static
ism330dhcx_reg.c:1299:9:ism330dhcx_timestamp_raw_get	8	static
ism330dhcx_reg.c:1326:9:ism330dhcx_rounding_mode_set	24	static
ism330dhcx_reg.c:1349:9:ism330dhcx_rounding_mode_get	16	static
ism330dhcx_reg.c:1386:9:ism330dhcx_temperature_raw_get	8	static
ism330dhcx_reg.c:1402:9:ism330dhcx_angular_rate_raw_get	8	static
ism330dhcx_reg.c:1418:9:ism330dhcx_acceleration_raw_get	8	static
ism330dhcx_reg.c:1433:9:ism330dhcx_fifo_out_raw_get	8	static
ism330dhcx_reg.c:1513:9:ism330dhcx_odr_cal_reg_set	24	static
ism330dhcx_reg.c:1538:9:ism330dhcx_odr_cal_reg_get	16	static
ism330dhcx_reg.c:1559:9:ism330dhcx_mem_bank_set	24	static
ism330dhcx_reg.c:970:9:ism330dhcx_all_sources_get	16	static
ism330dhcx_reg.c:1448:9:ism330dhcx_number_of_steps_get	16	static
ism330dhcx_reg.c:1470:9:ism330dhcx_steps_reset	16	static
ism330dhcx_reg.c:1584:9:ism330dhcx_mem_bank_get	16	static
ism330dhcx_reg.c:1618:9:ism330dhcx_ln_pg_write_byte	32	static
ism330dhcx_reg.c:1677:9:ism330dhcx_ln_pg_write	48	static
ism330dhcx_reg.c:1763:9:ism330dhcx_ln_pg_read_byte	32	static
ism330dhcx_reg.c:1820:9:ism330dhcx_data_ready_mode_set	24	static
ism330dhcx_reg.c:1845:9:ism330dhcx_data_ready_mode_get	16	static
ism330dhcx_reg.c:1875:9:ism330dhcx_device_id_get	8	static
ism330dhcx_reg.c:1890:9:ism330dhcx_reset_set	24	static
ism330dhcx_reg.c:1912:9:ism330dhcx_reset_get	16	static
ism330dhcx_reg.c:1932:9:ism330dhcx_auto_increment_set	24	static
ism330dhcx_reg.c:1954:9:ism330dhcx_auto_increment_get	16	static
ism330dhcx_reg.c:1973:9:ism330dhcx_boot_set	24	static
ism330dhcx_reg.c:1994:9:ism330dhcx_boot_get	16	static
ism330dhcx_reg.c:2015:9:ism330dhcx_xl_self_test_set	24	static
ism330dhcx_reg.c:2037:9:ism330dhcx_xl_self_test_get	16	static
ism330dhcx_reg.c:2070:9:ism330dhcx_gy_self_test_set	24	static
ism330dhcx_reg.c:2092:9:ism330dhcx_gy_self_test_get	16	static
ism330dhcx_reg.c:2138:9:ism330dhcx_xl_filter_lp2_set	24	static
ism330dhcx_reg.c:2160:9:ism330dhcx_xl_filter_lp2_get	16	static
ism330dhcx_reg.c:2180:9:ism330dhcx_gy_filter_lp1_set	24	static
ism330dhcx_reg.c:2202:9:ism330dhcx_gy_filter_lp1_get	16	static
ism330dhcx_reg.c:2222:9:ism330dhcx_filter_settling_mask_set	24	static
ism330dhcx_reg.c:2244:9:ism330dhcx_filter_settling_mask_get	16	static
ism330dhcx_reg.c:2264:9:ism330dhcx_gy_lp1_bandwidth_set	24	static
ism330dhcx_reg.c:2286:9:ism330dhcx_gy_lp1_bandwidth_get	16	static
ism330dhcx_reg.c:2334:9:ism330dhcx_xl_lp2_on_6d_set	24	static
ism330dhcx_reg.c:2356:9:ism330dhcx_xl_lp2_on_6d_get	16	static
ism330dhcx_reg.c:2376:9:ism330dhcx_xl_hp_path_on_out_set	24	static
ism330dhcx_reg.c:2402:9:ism330dhcx_xl_hp_path_on_out_get	16	static
ism330dhcx_reg.c:2497:9:ism330dhcx_xl_fast_settling_set	24	static
ism330dhcx_reg.c:2521:9:ism330dhcx_xl_fast_settling_get	16	static
ism330dhcx_reg.c:2541:9:ism330dhcx_xl_hp_path_internal_set	24	static
ism330dhcx_reg.c:2565:9:ism330dhcx_xl_hp_path_internal_get	16	static
ism330dhcx_reg.c:2595:9:ism330dhcx_gy_hp_path_internal_set	24	static
ism330dhcx_reg.c:2619:9:ism330dhcx_gy_hp_path_internal_get	16	static
ism330dhcx_reg.c:2672:9:ism330dhcx_aux_sdo_ocs_mode_set	24	static
ism330dhcx_reg.c:2696:9:ism330dhcx_aux_sdo_ocs_mode_get	16	static
ism330dhcx_reg.c:2726:9:ism330dhcx_aux_pw_on_ctrl_set	24	static
ism330dhcx_reg.c:2749:9:ism330dhcx_aux_pw_on_ctrl_get	16	static
ism330dhcx_reg.c:2779:9:ism330dhcx_aux_status_reg_get	8	static
ism330dhcx_reg.c:2795:9:ism330dhcx_aux_xl_flag_data_ready_get	16	static
ism330dhcx_reg.c:2816:9:ism330dhcx_aux_gy_flag_data_ready_get	16	static
ism330dhcx_reg.c:2837:9:ism330dhcx_aux_gy_flag_settling_get	16	static
ism330dhcx_reg.c:2859:9:ism330dhcx_aux_xl_self_test_set	24	static
ism330dhcx_reg.c:2882:9:ism330dhcx_aux_xl_self_test_get	16	static
ism330dhcx_reg.c:2915:9:ism330dhcx_aux_den_polarity_set	24	static
ism330dhcx_reg.c:2938:9:ism330dhcx_aux_den_polarity_get	16	static
ism330dhcx_reg.c:2968:9:ism330dhcx_aux_den_mode_set	24	static
ism330dhcx_reg.c:3001:9:ism330dhcx_aux_den_mode_get	24	static
ism330dhcx_reg.c:3040:9:ism330dhcx_aux_drdy_on_int2_set	24	static
ism330dhcx_reg.c:3062:9:ism330dhcx_aux_drdy_on_int2_get	16	static
ism330dhcx_reg.c:3086:9:ism330dhcx_aux_mode_set	24	static
ism330dhcx_reg.c:3117:9:ism330dhcx_aux_mode_get	16	static
ism330dhcx_reg.c:3151:9:ism330dhcx_aux_gy_full_scale_set	24	static
ism330dhcx_reg.c:3176:9:ism330dhcx_aux_gy_full_scale_get	16	static
ism330dhcx_reg.c:3216:9:ism330dhcx_aux_spi_mode_set	24	static
ism330dhcx_reg.c:3240:9:ism330dhcx_aux_spi_mode_get	16	static
ism330dhcx_reg.c:3271:9:ism330dhcx_aux_gy_lp1_bandwidth_set	24	static
ism330dhcx_reg.c:3295:9:ism330dhcx_aux_gy_lp1_bandwidth_get	16	static
ism330dhcx_reg.c:3332:9:ism330dhcx_aux_gy_hp_bandwidth_set	24	static
ism330dhcx_reg.c:3357:9:ism330dhcx_aux_gy_hp_bandwidth_get	16	static
ism330dhcx_reg.c:3399:9:ism330dhcx_aux_gy_clamp_set	24	static
ism330dhcx_reg.c:3425:9:ism330dhcx_aux_gy_clamp_get	16	static
ism330dhcx_reg.c:3456:9:ism330dhcx_aux_gy_self_test_set	24	static
ism330dhcx_reg.c:3480:9:ism330dhcx_aux_gy_self_test_get	16	static
ism330dhcx_reg.c:3514:9:ism330dhcx_aux_xl_bandwidth_set	24	static
ism330dhcx_reg.c:3538:9:ism330dhcx_aux_xl_bandwidth_get	16	static
ism330dhcx_reg.c:3587:9:ism330dhcx_aux_xl_full_scale_set	24	static
ism330dhcx_reg.c:3611:9:ism330dhcx_aux_xl_full_scale_get	16	static
ism330dhcx_reg.c:3661:9:ism330dhcx_sdo_sa0_mode_set	24	static
ism330dhcx_reg.c:3685:9:ism330dhcx_sdo_sa0_mode_get	16	static
ism330dhcx_reg.c:3716:9:ism330dhcx_spi_mode_set	24	static
ism330dhcx_reg.c:3738:9:ism330dhcx_spi_mode_get	16	static
ism330dhcx_reg.c:3767:9:ism330dhcx_i2c_interface_set	24	static
ism330dhcx_reg.c:3790:9:ism330dhcx_i2c_interface_get	16	static
ism330dhcx_reg.c:3834:9:ism330dhcx_pin_int1_route_set	24	static
ism330dhcx_reg.c:3941:9:ism330dhcx_pin_int1_route_get	16	static
ism330dhcx_reg.c:3986:9:ism330dhcx_pin_int2_route_set	24	static
ism330dhcx_reg.c:4091:9:ism330dhcx_pin_int2_route_get	16	static
ism330dhcx_reg.c:4135:9:ism330dhcx_pin_mode_set	24	static
ism330dhcx_reg.c:4156:9:ism330dhcx_pin_mode_get	16	static
ism330dhcx_reg.c:4186:9:ism330dhcx_pin_polarity_set	24	static
ism330dhcx_reg.c:4209:9:ism330dhcx_pin_polarity_get	16	static
ism330dhcx_reg.c:4239:9:ism330dhcx_all_on_int1_set	24	static
ism330dhcx_reg.c:4261:9:ism330dhcx_all_on_int1_get	16	static
ism330dhcx_reg.c:4280:9:ism330dhcx_int_notification_set	24	static
ism330dhcx_reg.c:4319:9:ism330dhcx_int_notification_get	24	static
ism330dhcx_reg.c:4383:9:ism330dhcx_wkup_ths_weight_set	24	static
ism330dhcx_reg.c:4409:9:ism330dhcx_wkup_ths_weight_get	16	static
ism330dhcx_reg.c:4441:9:ism330dhcx_wkup_threshold_set	24	static
ism330dhcx_reg.c:4465:9:ism330dhcx_wkup_threshold_get	16	static
ism330dhcx_reg.c:4485:9:ism330dhcx_xl_usr_offset_on_wkup_set	24	static
ism330dhcx_reg.c:4509:9:ism330dhcx_xl_usr_offset_on_wkup_get	16	static
ism330dhcx_reg.c:4530:9:ism330dhcx_wkup_dur_set	24	static
ism330dhcx_reg.c:4553:9:ism330dhcx_wkup_dur_get	16	static
ism330dhcx_reg.c:4586:9:ism330dhcx_gy_sleep_mode_set	24	static
ism330dhcx_reg.c:4607:9:ism330dhcx_gy_sleep_mode_get	16	static
ism330dhcx_reg.c:4628:9:ism330dhcx_act_pin_notification_set	24	static
ism330dhcx_reg.c:4653:9:ism330dhcx_act_pin_notification_get	16	static
ism330dhcx_reg.c:4682:9:ism330dhcx_act_mode_set	24	static
ism330dhcx_reg.c:4705:9:ism330dhcx_act_mode_get	16	static
ism330dhcx_reg.c:4741:9:ism330dhcx_act_sleep_dur_set	24	static
ism330dhcx_reg.c:4764:9:ism330dhcx_act_sleep_dur_get	16	static
ism330dhcx_reg.c:4797:9:ism330dhcx_tap_detection_on_z_set	24	static
ism330dhcx_reg.c:4819:9:ism330dhcx_tap_detection_on_z_get	16	static
ism330dhcx_reg.c:4838:9:ism330dhcx_tap_detection_on_y_set	24	static
ism330dhcx_reg.c:4860:9:ism330dhcx_tap_detection_on_y_get	16	static
ism330dhcx_reg.c:4879:9:ism330dhcx_tap_detection_on_x_set	24	static
ism330dhcx_reg.c:4901:9:ism330dhcx_tap_detection_on_x_get	16	static
ism330dhcx_reg.c:4920:9:ism330dhcx_tap_threshold_x_set	24	static
ism330dhcx_reg.c:4942:9:ism330dhcx_tap_threshold_x_get	16	static
ism330dhcx_reg.c:4961:9:ism330dhcx_tap_axis_priority_set	24	static
ism330dhcx_reg.c:4984:9:ism330dhcx_tap_axis_priority_get	16	static
ism330dhcx_reg.c:5026:9:ism330dhcx_tap_threshold_y_set	24	static
ism330dhcx_reg.c:5048:9:ism330dhcx_tap_threshold_y_get	16	static
ism330dhcx_reg.c:5067:9:ism330dhcx_tap_threshold_z_set	24	static
ism330dhcx_reg.c:5090:9:ism330dhcx_tap_threshold_z_get	16	static
ism330dhcx_reg.c:5114:9:ism330dhcx_tap_shock_set	24	static
ism330dhcx_reg.c:5140:9:ism330dhcx_tap_shock_get	16	static
ism330dhcx_reg.c:5163:9:ism330dhcx_tap_quiet_set	24	static
ism330dhcx_reg.c:5189:9:ism330dhcx_tap_quiet_get	16	static
ism330dhcx_reg.c:5214:9:ism330dhcx_tap_dur_set	24	static
ism330dhcx_reg.c:5240:9:ism330dhcx_tap_dur_get	16	static
ism330dhcx_reg.c:5259:9:ism330dhcx_tap_mode_set	24	static
ism330dhcx_reg.c:5283:9:ism330dhcx_tap_mode_get	16	static
ism330dhcx_reg.c:5327:9:ism330dhcx_6d_threshold_set	24	static
ism330dhcx_reg.c:5351:9:ism330dhcx_6d_threshold_get	16	static
ism330dhcx_reg.c:5388:9:ism330dhcx_4d_mode_set	24	static
ism330dhcx_reg.c:5411:9:ism330dhcx_4d_mode_get	16	static
ism330dhcx_reg.c:5444:9:ism330dhcx_ff_threshold_set	24	static
ism330dhcx_reg.c:5468:9:ism330dhcx_ff_threshold_get	16	static
ism330dhcx_reg.c:5517:9:ism330dhcx_ff_dur_set	24	static
ism330dhcx_reg.c:5550:9:ism330dhcx_ff_dur_get	24	static
ism330dhcx_reg.c:5589:9:ism330dhcx_fifo_watermark_set	24	static
ism330dhcx_reg.c:5618:9:ism330dhcx_fifo_watermark_get	24	static
ism330dhcx_reg.c:5644:9:ism330dhcx_compression_algo_set	24	static
ism330dhcx_reg.c:5688:9:ism330dhcx_compression_algo_get	16	static
ism330dhcx_reg.c:5728:9:ism330dhcx_fifo_virtual_sens_odr_chg_set	24	static
ism330dhcx_reg.c:5753:9:ism330dhcx_fifo_virtual_sens_odr_chg_get	16	static
ism330dhcx_reg.c:5774:9:ism330dhcx_compression_algo_real_time_set	24	static
ism330dhcx_reg.c:5798:9:ism330dhcx_compression_algo_real_time_get	16	static
ism330dhcx_reg.c:5820:9:ism330dhcx_fifo_stop_on_wtm_set	24	static
ism330dhcx_reg.c:5844:9:ism330dhcx_fifo_stop_on_wtm_get	16	static
ism330dhcx_reg.c:5865:9:ism330dhcx_fifo_xl_batch_set	24	static
ism330dhcx_reg.c:5890:9:ism330dhcx_fifo_xl_batch_get	16	static
ism330dhcx_reg.c:5952:9:ism330dhcx_fifo_gy_batch_set	24	static
ism330dhcx_reg.c:5977:9:ism330dhcx_fifo_gy_batch_get	16	static
ism330dhcx_reg.c:6038:9:ism330dhcx_fifo_mode_set	24	static
ism330dhcx_reg.c:6062:9:ism330dhcx_fifo_mode_get	16	static
ism330dhcx_reg.c:6106:9:ism330dhcx_fifo_temp_batch_set	24	static
ism330dhcx_reg.c:6131:9:ism330dhcx_fifo_temp_batch_get	16	static
ism330dhcx_reg.c:6170:9:ism330dhcx_fifo_timestamp_decimation_set	24	static
ism330dhcx_reg.c:6197:9:ism330dhcx_fifo_timestamp_decimation_get	16	static
ism330dhcx_reg.c:6236:9:ism330dhcx_fifo_cnt_event_batch_set	24	static
ism330dhcx_reg.c:6262:9:ism330dhcx_fifo_cnt_event_batch_get	16	static
ism330dhcx_reg.c:6294:9:ism330dhcx_rst_batch_counter_set	24	static
ism330dhcx_reg.c:6318:9:ism330dhcx_rst_batch_counter_get	16	static
ism330dhcx_reg.c:6339:9:ism330dhcx_batch_counter_threshold_set	24	static
ism330dhcx_reg.c:6370:9:ism330dhcx_batch_counter_threshold_get	24	static
ism330dhcx_reg.c:6398:9:ism330dhcx_fifo_data_level_get	24	static
ism330dhcx_reg.c:6424:9:ism330dhcx_fifo_status_get	8	static
ism330dhcx_reg.c:6440:9:ism330dhcx_fifo_full_flag_get	16	static
ism330dhcx_reg.c:6461:9:ism330dhcx_fifo_ovr_flag_get	16	static
ism330dhcx_reg.c:6481:9:ism330dhcx_fifo_wtm_flag_get	16	static
ism330dhcx_reg.c:6501:9:ism330dhcx_fifo_sensor_tag_get	16	static
ism330dhcx_reg.c:6593:9:ism330dhcx_fifo_pedo_batch_set	24	static
ism330dhcx_reg.c:6623:9:ism330dhcx_fifo_pedo_batch_get	24	static
ism330dhcx_reg.c:6648:9:ism330dhcx_sh_batch_slave_0_set	24	static
ism330dhcx_reg.c:6679:9:ism330dhcx_sh_batch_slave_0_get	24	static
ism330dhcx_reg.c:6706:9:ism330dhcx_sh_batch_slave_1_set	24	static
ism330dhcx_reg.c:6736:9:ism330dhcx_sh_batch_slave_1_get	24	static
ism330dhcx_reg.c:6763:9:ism330dhcx_sh_batch_slave_2_set	24	static
ism330dhcx_reg.c:6794:9:ism330dhcx_sh_batch_slave_2_get	24	static
ism330dhcx_reg.c:6820:9:ism330dhcx_sh_batch_slave_3_set	24	static
ism330dhcx_reg.c:6850:9:ism330dhcx_sh_batch_slave_3_get	24	static
ism330dhcx_reg.c:6889:9:ism330dhcx_den_mode_set	24	static
ism330dhcx_reg.c:6910:9:ism330dhcx_den_mode_get	16	static
ism330dhcx_reg.c:6949:9:ism330dhcx_den_polarity_set	24	static
ism330dhcx_reg.c:6972:9:ism330dhcx_den_polarity_get	16	static
ism330dhcx_reg.c:7002:9:ism330dhcx_den_enable_set	24	static
ism330dhcx_reg.c:7025:9:ism330dhcx_den_enable_get	16	static
ism330dhcx_reg.c:7058:9:ism330dhcx_den_mark_axis_x_set	24	static
ism330dhcx_reg.c:7080:9:ism330dhcx_den_mark_axis_x_get	16	static
ism330dhcx_reg.c:7099:9:ism330dhcx_den_mark_axis_y_set	24	static
ism330dhcx_reg.c:7121:9:ism330dhcx_den_mark_axis_y_get	16	static
ism330dhcx_reg.c:7140:9:ism330dhcx_den_mark_axis_z_set	24	static
ism330dhcx_reg.c:7162:9:ism330dhcx_den_mark_axis_z_get	16	static
ism330dhcx_reg.c:7193:9:ism330dhcx_pedo_sens_set	24	static
ism330dhcx_reg.c:7223:9:ism330dhcx_pedo_sens_get	24	static
ism330dhcx_reg.c:7252:9:ism330dhcx_pedo_mode_set	32	static
ism330dhcx_reg.c:7306:9:ism330dhcx_pedo_mode_get	16	static
ism330dhcx_reg.c:7340:9:ism330dhcx_pedo_step_detect_get	24	static
ism330dhcx_reg.c:7366:9:ism330dhcx_pedo_debounce_steps_set	8	static
ism330dhcx_reg.c:7383:9:ism330dhcx_pedo_debounce_steps_get	8	static
ism330dhcx_reg.c:7400:9:ism330dhcx_pedo_steps_period_set	16	static
ism330dhcx_reg.c:7424:9:ism330dhcx_pedo_steps_period_get	16	static
ism330dhcx_reg.c:7447:9:ism330dhcx_pedo_adv_detection_set	24	static
ism330dhcx_reg.c:7471:9:ism330dhcx_pedo_adv_detection_get	16	static
ism330dhcx_reg.c:7491:9:ism330dhcx_pedo_false_step_rejection_set	24	static
ism330dhcx_reg.c:7516:9:ism330dhcx_pedo_false_step_rejection_get	16	static
ism330dhcx_reg.c:7538:9:ism330dhcx_pedo_int_mode_set	24	static
ism330dhcx_reg.c:7564:9:ism330dhcx_pedo_int_mode_get	16	static
ism330dhcx_reg.c:7608:9:ism330dhcx_motion_sens_set	24	static
ism330dhcx_reg.c:7638:9:ism330dhcx_motion_sens_get	24	static
ism330dhcx_reg.c:7664:9:ism330dhcx_motion_flag_data_ready_get	24	static
ism330dhcx_reg.c:7703:9:ism330dhcx_tilt_sens_set	24	static
ism330dhcx_reg.c:7732:9:ism330dhcx_tilt_sens_get	24	static
ism330dhcx_reg.c:7757:9:ism330dhcx_tilt_flag_data_ready_get	24	static
ism330dhcx_reg.c:7796:9:ism330dhcx_mag_sensitivity_set	16	static
ism330dhcx_reg.c:7821:9:ism330dhcx_mag_sensitivity_get	16	static
ism330dhcx_reg.c:7846:9:ism330dhcx_mag_offset_set	16	static
ism330dhcx_reg.c:7884:9:ism330dhcx_mag_offset_get	16	static
ism330dhcx_reg.c:7928:9:ism330dhcx_mag_soft_iron_set	16	static
ism330dhcx_reg.c:7995:9:ism330dhcx_mag_soft_iron_get	16	static
ism330dhcx_reg.c:8058:9:ism330dhcx_mag_z_orient_set	24	static
ism330dhcx_reg.c:8084:9:ism330dhcx_mag_z_orient_get	16	static
ism330dhcx_reg.c:8128:9:ism330dhcx_mag_y_orient_set	24	static
ism330dhcx_reg.c:8153:9:ism330dhcx_mag_y_orient_get	16	static
ism330dhcx_reg.c:8197:9:ism330dhcx_mag_x_orient_set	24	static
ism330dhcx_reg.c:8222:9:ism330dhcx_mag_x_orient_get	16	static
ism330dhcx_reg.c:8279:9:ism330dhcx_long_cnt_flag_data_ready_get	24	static
ism330dhcx_reg.c:8305:9:ism330dhcx_emb_fsm_en_set	24	static
ism330dhcx_reg.c:8335:9:ism330dhcx_emb_fsm_en_get	24	static
ism330dhcx_reg.c:8364:9:ism330dhcx_fsm_enable_set	24	static
ism330dhcx_reg.c:8424:9:ism330dhcx_fsm_enable_get	16	static
ism330dhcx_reg.c:8453:9:ism330dhcx_long_cnt_set	16	static
ism330dhcx_reg.c:8476:9:ism330dhcx_long_cnt_get	16	static
ism330dhcx_reg.c:8499:9:ism330dhcx_long_clr_set	24	static
ism330dhcx_reg.c:8529:9:ism330dhcx_long_clr_get	24	static
ism330dhcx_reg.c:8569:9:ism330dhcx_fsm_out_get	16	static
ism330dhcx_reg.c:8594:9:ism330dhcx_fsm_data_rate_set	24	static
ism330dhcx_reg.c:8627:9:ism330dhcx_fsm_data_rate_get	24	static
ism330dhcx_reg.c:8670:9:ism330dhcx_fsm_init_set	24	static
ism330dhcx_reg.c:8700:9:ism330dhcx_fsm_init_get	24	static
ism330dhcx_reg.c:8728:9:ism330dhcx_long_cnt_int_value_set	16	static
ism330dhcx_reg.c:8757:9:ism330dhcx_long_cnt_int_value_get	16	static
ism330dhcx_reg.c:8783:9:ism330dhcx_fsm_number_of_programs_set	16	static
ism330dhcx_reg.c:8805:9:ism330dhcx_fsm_number_of_programs_get	8	static
ism330dhcx_reg.c:8824:9:ism330dhcx_fsm_start_address_set	16	static
ism330dhcx_reg.c:8849:9:ism330dhcx_fsm_start_address_get	16	static
ism330dhcx_reg.c:8887:9:ism330dhcx_mlc_set	24	static
ism330dhcx_reg.c:8925:9:ism330dhcx_mlc_get	24	static
ism330dhcx_reg.c:8949:9:ism330dhcx_mlc_status_get	8	static
ism330dhcx_reg.c:8964:9:ism330dhcx_mlc_data_rate_set	24	static
ism330dhcx_reg.c:8995:9:ism330dhcx_mlc_data_rate_get	24	static
ism330dhcx_reg.c:226:9:ism330dhcx_xl_data_rate_set	24	static
ism330dhcx_reg.c:532:9:ism330dhcx_gy_data_rate_set	24	static
ism330dhcx_reg.c:9050:9:ism330dhcx_sh_read_data_raw_get	16	static
ism330dhcx_reg.c:9075:9:ism330dhcx_sh_slave_connected_set	24	static
ism330dhcx_reg.c:9106:9:ism330dhcx_sh_slave_connected_get	24	static
ism330dhcx_reg.c:9149:9:ism330dhcx_sh_master_set	24	static
ism330dhcx_reg.c:9179:9:ism330dhcx_sh_master_get	24	static
ism330dhcx_reg.c:9205:9:ism330dhcx_sh_pin_mode_set	24	static
ism330dhcx_reg.c:9236:9:ism330dhcx_sh_pin_mode_get	24	static
ism330dhcx_reg.c:9272:9:ism330dhcx_sh_pass_through_set	24	static
ism330dhcx_reg.c:9302:9:ism330dhcx_sh_pass_through_get	24	static
ism330dhcx_reg.c:9328:9:ism330dhcx_sh_syncro_mode_set	24	static
ism330dhcx_reg.c:9359:9:ism330dhcx_sh_syncro_mode_get	24	static
ism330dhcx_reg.c:9397:9:ism330dhcx_sh_write_mode_set	24	static
ism330dhcx_reg.c:9429:9:ism330dhcx_sh_write_mode_get	24	static
ism330dhcx_reg.c:9465:9:ism330dhcx_sh_reset_set	16	static
ism330dhcx_reg.c:9500:9:ism330dhcx_sh_reset_get	24	static
ism330dhcx_reg.c:9526:9:ism330dhcx_sh_data_rate_set	24	static
ism330dhcx_reg.c:9557:9:ism330dhcx_sh_data_rate_get	24	static
ism330dhcx_reg.c:9603:9:ism330dhcx_sh_cfg_write	24	static
ism330dhcx_reg.c:9642:9:ism330dhcx_sh_slv0_cfg_read	24	static
ism330dhcx_reg.c:9687:9:ism330dhcx_sh_slv1_cfg_read	24	static
ism330dhcx_reg.c:9731:9:ism330dhcx_sh_slv2_cfg_read	24	static
ism330dhcx_reg.c:9776:9:ism330dhcx_sh_slv3_cfg_read	24	static
ism330dhcx_reg.c:9818:9:ism330dhcx_sh_status_get	16	static
