lps22hh.c:212:9:LPS22HH_GetCapabilities	0	static
lps22hh.c:659:16:LPS22HH_SetOutputDataRate_When_Disabled	0	static
lps22hh.c:1069:16:ReadRegWrap	8	static
lps22hh.c:1084:16:WriteRegWrap	8	static
lps22hh.c:250:9:LPS22HH_PRESS_Enable	8	static
lps22hh.c:376:9:LPS22HH_TEMP_Enable	8	static
lps22hh.c:677:16:LPS22HH_Initialize	16	static
lps22hh.c:150:9:LPS22HH_Init	8	static
lps22hh.c:196:9:LPS22HH_ReadID	8	static
lps22hh.c:274:9:LPS22HH_PRESS_Disable	16	static
lps22hh.c:570:16:LPS22HH_GetOutputDataRate	16	static
lps22hh.c:310:9:LPS22HH_PRESS_GetOutputDataRate	8	static
lps22hh.c:436:9:LPS22HH_TEMP_GetOutputDataRate	8	static
lps22hh.c:628:16:LPS22HH_SetOutputDataRate_When_Enabled	16	static
lps22hh.c:321:9:LPS22HH_PRESS_SetOutputDataRate	8	static
lps22hh.c:447:9:LPS22HH_TEMP_SetOutputDataRate	8	static
lps22hh.c:400:9:LPS22HH_TEMP_Disable	16	static
lps22hh.c:170:9:LPS22HH_DeInit	8	static
lps22hh.c:340:9:LPS22HH_PRESS_GetPressure	24	static
lps22hh.c:466:9:LPS22HH_TEMP_GetTemperature	24	static
lps22hh.c:233:9:LPS22HH_Get_Init_Status	0	static
lps22hh.c:361:9:LPS22HH_PRESS_Get_DRDY_Status	8	static
lps22hh.c:487:9:LPS22HH_TEMP_Get_DRDY_Status	8	static
lps22hh.c:504:9:LPS22HH_Read_Reg	8	static
lps22hh.c:521:9:LPS22HH_Write_Reg	16	static
lps22hh.c:93:9:LPS22HH_RegisterBusIO	8	static
lps22hh.c:545:9:LPS22HH_Get_Temp	16	static
lps22hh.c:720:9:LPS22HH_FIFO_Get_Data	24	static
lps22hh.c:750:9:LPS22HH_FIFO_Get_FTh_Status	8	static
lps22hh.c:766:9:LPS22HH_FIFO_Get_Full_Status	8	static
lps22hh.c:782:9:LPS22HH_FIFO_Get_Ovr_Status	8	static
lps22hh.c:798:9:LPS22HH_FIFO_Get_Level	8	static
lps22hh.c:814:9:LPS22HH_FIFO_Reset_Interrupt	8	static
lps22hh.c:849:9:LPS22HH_FIFO_Set_Interrupt	8	static
lps22hh.c:884:9:LPS22HH_FIFO_Set_Mode	8	static
lps22hh.c:914:9:LPS22HH_FIFO_Set_Watermark_Level	8	static
lps22hh.c:930:9:LPS22HH_FIFO_Stop_On_Watermark	8	static
lps22hh.c:945:9:LPS22HH_Set_One_Shot	8	static
lps22hh.c:962:9:LPS22HH_Get_One_Shot_Status	24	static
lps22hh.c:996:9:LPS22HH_Enable_DRDY_Interrupt	16	static
lps22hh.c:1020:9:LPS22HH_Set_Power_Mode	24	static
lps22hh.c:1052:9:LPS22HH_Set_Filter_Mode	8	static
