lps22hh_reg.c:49:9:lps22hh_read_reg	8	static
lps22hh_reg.c:67:9:lps22hh_write_reg	8	static
lps22hh_reg.c:86:9:lps22hh_from_lsb_to_hpa	0	static
lps22hh_reg.c:91:9:lps22hh_from_lsb_to_celsius	0	static
lps22hh_reg.c:117:9:lps22hh_autozero_rst_set	24	static
lps22hh_reg.c:138:9:lps22hh_autozero_rst_get	16	static
lps22hh_reg.c:157:9:lps22hh_autozero_set	24	static
lps22hh_reg.c:178:9:lps22hh_autozero_get	16	static
lps22hh_reg.c:197:9:lps22hh_pressure_snap_rst_set	24	static
lps22hh_reg.c:218:9:lps22hh_pressure_snap_rst_get	16	static
lps22hh_reg.c:237:9:lps22hh_pressure_snap_set	24	static
lps22hh_reg.c:258:9:lps22hh_pressure_snap_get	16	static
lps22hh_reg.c:277:9:lps22hh_block_data_update_set	24	static
lps22hh_reg.c:298:9:lps22hh_block_data_update_get	16	static
lps22hh_reg.c:317:9:lps22hh_data_rate_set	24	static
lps22hh_reg.c:347:9:lps22hh_data_rate_get	24	static
lps22hh_reg.c:421:9:lps22hh_pressure_ref_set	8	static
lps22hh_reg.c:439:9:lps22hh_pressure_ref_get	8	static
lps22hh_reg.c:456:9:lps22hh_pressure_offset_set	8	static
lps22hh_reg.c:474:9:lps22hh_pressure_offset_get	8	static
lps22hh_reg.c:489:9:lps22hh_all_sources_get	16	static
lps22hh_reg.c:514:9:lps22hh_status_reg_get	8	static
lps22hh_reg.c:529:9:lps22hh_press_flag_data_ready_get	16	static
lps22hh_reg.c:548:9:lps22hh_temp_flag_data_ready_get	16	static
lps22hh_reg.c:579:9:lps22hh_pressure_raw_get	8	static
lps22hh_reg.c:594:9:lps22hh_temperature_raw_get	8	static
lps22hh_reg.c:609:9:lps22hh_fifo_pressure_raw_get	8	static
lps22hh_reg.c:624:9:lps22hh_fifo_temperature_raw_get	8	static
lps22hh_reg.c:651:9:lps22hh_device_id_get	8	static
lps22hh_reg.c:667:9:lps22hh_reset_set	24	static
lps22hh_reg.c:689:9:lps22hh_reset_get	16	static
lps22hh_reg.c:710:9:lps22hh_auto_increment_set	24	static
lps22hh_reg.c:733:9:lps22hh_auto_increment_get	16	static
lps22hh_reg.c:753:9:lps22hh_boot_set	24	static
lps22hh_reg.c:775:9:lps22hh_boot_get	16	static
lps22hh_reg.c:807:9:lps22hh_lp_bandwidth_set	24	static
lps22hh_reg.c:828:9:lps22hh_lp_bandwidth_get	16	static
lps22hh_reg.c:873:9:lps22hh_i2c_interface_set	24	static
lps22hh_reg.c:895:9:lps22hh_i2c_interface_get	16	static
lps22hh_reg.c:925:9:lps22hh_i3c_interface_set	24	static
lps22hh_reg.c:948:9:lps22hh_i3c_interface_get	16	static
lps22hh_reg.c:981:9:lps22hh_sdo_sa0_mode_set	24	static
lps22hh_reg.c:1002:9:lps22hh_sdo_sa0_mode_get	16	static
lps22hh_reg.c:1031:9:lps22hh_sda_mode_set	24	static
lps22hh_reg.c:1052:9:lps22hh_sda_mode_get	16	static
lps22hh_reg.c:1080:9:lps22hh_spi_mode_set	24	static
lps22hh_reg.c:1101:9:lps22hh_spi_mode_get	16	static
lps22hh_reg.c:1142:9:lps22hh_int_notification_set	24	static
lps22hh_reg.c:1163:9:lps22hh_int_notification_get	16	static
lps22hh_reg.c:1192:9:lps22hh_pin_mode_set	24	static
lps22hh_reg.c:1214:9:lps22hh_pin_mode_get	16	static
lps22hh_reg.c:1245:9:lps22hh_pin_polarity_set	24	static
lps22hh_reg.c:1267:9:lps22hh_pin_polarity_get	16	static
lps22hh_reg.c:1297:9:lps22hh_pin_int_route_set	8	static
lps22hh_reg.c:1313:9:lps22hh_pin_int_route_get	8	static
lps22hh_reg.c:1342:9:lps22hh_int_on_threshold_set	24	static
lps22hh_reg.c:1370:9:lps22hh_int_on_threshold_get	16	static
lps22hh_reg.c:1406:9:lps22hh_int_treshold_set	16	static
lps22hh_reg.c:1432:9:lps22hh_int_treshold_get	24	static
lps22hh_reg.c:1469:9:lps22hh_fifo_mode_set	24	static
lps22hh_reg.c:1490:9:lps22hh_fifo_mode_get	16	static
lps22hh_reg.c:1536:9:lps22hh_fifo_stop_on_wtm_set	24	static
lps22hh_reg.c:1558:9:lps22hh_fifo_stop_on_wtm_get	16	static
lps22hh_reg.c:1577:9:lps22hh_fifo_watermark_set	24	static
lps22hh_reg.c:1598:9:lps22hh_fifo_watermark_get	16	static
lps22hh_reg.c:1617:9:lps22hh_fifo_data_level_get	8	static
lps22hh_reg.c:1632:9:lps22hh_fifo_src_get	8	static
lps22hh_reg.c:1647:9:lps22hh_fifo_full_flag_get	16	static
lps22hh_reg.c:1666:9:lps22hh_fifo_ovr_flag_get	16	static
lps22hh_reg.c:1685:9:lps22hh_fifo_wtm_flag_get	16	static
lps22hh_reg.c:1703:9:lps22hh_fifo_ovr_on_int_set	24	static
lps22hh_reg.c:1723:9:lps22hh_fifo_ovr_on_int_get	16	static
lps22hh_reg.c:1741:9:lps22hh_fifo_threshold_on_int_set	24	static
lps22hh_reg.c:1761:9:lps22hh_fifo_threshold_on_int_get	16	static
lps22hh_reg.c:1779:9:lps22hh_fifo_full_on_int_set	24	static
lps22hh_reg.c:1799:9:lps22hh_fifo_full_on_int_get	16	static
