STWIN.c:573:13:USART2_MspInit	32	static
STWIN.c:594:13:USART2_MspDeInit	8	static
STWIN.c:138:9:BSP_ADC1_Initialization	16	static
STWIN.c:194:6:HAL_ADC_MspInit	8	static
STWIN.c:209:6:HAL_ADC_DeMspInit	0	static
STWIN.c:222:9:BSP_ADC1_DeInitialization	8	static
STWIN.c:243:6:BSP_PB_PWR_Init	32	static
STWIN.c:268:6:BSP_Enable_DCDC2	40	static
STWIN.c:290:6:BSP_Disable_DCDC2	8	static
STWIN.c:307:9:BSP_PB_Init	32	static
STWIN.c:346:9:BSP_PB_DeInit	8	static
STWIN.c:363:9:BSP_PB_GetState	8	static
STWIN.c:373:9:BSP_GetVersion	0	static
STWIN.c:386:9:BSP_LED_Init	40	static
STWIN.c:416:9:BSP_LED_DeInit	0	static
STWIN.c:430:9:BSP_LED_On	8	static
STWIN.c:444:9:BSP_LED_Off	8	static
STWIN.c:460:9:BSP_LED_Toggle	8	static
STWIN.c:501:9:BSP_COM_DeInit	8	static
STWIN.c:529:26:MX_USART2_UART_Init	16	static
STWIN.c:475:9:BSP_COM_Init	8	static
STWIN.c:675:9:BSP_COM_SelectLogPort	0	static
