STWIN_motion_sensors_ex.c:33:9:BSP_MOTION_SENSOR_Enable_HP_Filter	8	static
STWIN_motion_sensors_ex.c:79:9:BSP_MOTION_SENSOR_Set_INT1_DRDY	8	static
STWIN_motion_sensors_ex.c:124:9:BSP_MOTION_SENSOR_Set_INT2_DRDY	8	static
STWIN_motion_sensors_ex.c:170:9:BSP_MOTION_SENSOR_DRDY_Set_Mode	8	static
STWIN_motion_sensors_ex.c:217:9:BSP_MOTION_SENSOR_FIFO_Set_BDR	8	static
STWIN_motion_sensors_ex.c:282:9:BSP_MOTION_SENSOR_FIFO_Set_INT2_FIFO_Full	8	static
STWIN_motion_sensors_ex.c:329:9:BSP_MOTION_SENSOR_FIFO_Set_Watermark_Level	8	static
STWIN_motion_sensors_ex.c:375:9:BSP_MOTION_SENSOR_FIFO_Set_Stop_On_Fth	8	static
STWIN_motion_sensors_ex.c:424:9:BSP_MOTION_SENSOR_FIFO_Get_Data_Word	8	static
STWIN_motion_sensors_ex.c:479:9:BSP_MOTION_SENSOR_Enable_Wake_Up_Detection	0	static
STWIN_motion_sensors_ex.c:512:9:BSP_MOTION_SENSOR_Disable_Wake_Up_Detection	0	static
STWIN_motion_sensors_ex.c:545:9:BSP_MOTION_SENSOR_Set_Wake_Up_Threshold	0	static
STWIN_motion_sensors_ex.c:578:9:BSP_MOTION_SENSOR_Set_Wake_Up_Duration	0	static
STWIN_motion_sensors_ex.c:612:9:BSP_MOTION_SENSOR_Enable_Inactivity_Detection	0	static
STWIN_motion_sensors_ex.c:646:9:BSP_MOTION_SENSOR_Disable_Inactivity_Detection	0	static
STWIN_motion_sensors_ex.c:679:9:BSP_MOTION_SENSOR_Set_Sleep_Duration	0	static
STWIN_motion_sensors_ex.c:713:9:BSP_MOTION_SENSOR_Enable_6D_Orientation	0	static
STWIN_motion_sensors_ex.c:746:9:BSP_MOTION_SENSOR_Disable_6D_Orientation	0	static
STWIN_motion_sensors_ex.c:779:9:BSP_MOTION_SENSOR_Set_6D_Orientation_Threshold	0	static
STWIN_motion_sensors_ex.c:812:9:BSP_MOTION_SENSOR_Get_6D_Orientation_XL	0	static
STWIN_motion_sensors_ex.c:845:9:BSP_MOTION_SENSOR_Get_6D_Orientation_XH	0	static
STWIN_motion_sensors_ex.c:878:9:BSP_MOTION_SENSOR_Get_6D_Orientation_YL	0	static
STWIN_motion_sensors_ex.c:911:9:BSP_MOTION_SENSOR_Get_6D_Orientation_YH	0	static
STWIN_motion_sensors_ex.c:944:9:BSP_MOTION_SENSOR_Get_6D_Orientation_ZL	0	static
STWIN_motion_sensors_ex.c:977:9:BSP_MOTION_SENSOR_Get_6D_Orientation_ZH	0	static
STWIN_motion_sensors_ex.c:1010:9:BSP_MOTION_SENSOR_Get_Event_Status	0	static
STWIN_motion_sensors_ex.c:1046:9:BSP_MOTION_SENSOR_Get_DRDY_Status	0	static
STWIN_motion_sensors_ex.c:1107:9:BSP_MOTION_SENSOR_Read_Register	8	static
STWIN_motion_sensors_ex.c:1180:9:BSP_MOTION_SENSOR_Write_Register	8	static
STWIN_motion_sensors_ex.c:1252:9:BSP_MOTION_SENSOR_FIFO_Set_Mode	8	static
STWIN_motion_sensors_ex.c:1311:9:BSP_MOTION_SENSOR_FIFO_Get_Num_Samples	8	static
