STWIN_motion_sensors.c:829:16:IIS2MDC_0_Probe	80	static
STWIN_motion_sensors.c:895:9:BSP_IIS2MDC_WriteReg	8	static
STWIN_motion_sensors.c:909:9:BSP_IIS2MDC_ReadReg	8	static
STWIN_motion_sensors.c:1117:16:ISM330DHCX_0_Probe	88	static
STWIN_motion_sensors.c:1229:16:BSP_ISM330DHCX_WriteReg	24	static
STWIN_motion_sensors.c:1254:16:BSP_ISM330DHCX_ReadReg	24	static
STWIN_motion_sensors.c:1217:16:BSP_ISM330DHCX_DeInit	8	static
STWIN_motion_sensors.c:1193:16:BSP_ISM330DHCX_Init	40	static
STWIN_motion_sensors.c:83:10:BSP_MOTION_SENSOR_Init	56	static
STWIN_motion_sensors.c:223:9:BSP_MOTION_SENSOR_DeInit	8	static
STWIN_motion_sensors.c:249:9:BSP_MOTION_SENSOR_GetCapabilities	8	static
STWIN_motion_sensors.c:275:9:BSP_MOTION_SENSOR_ReadID	8	static
STWIN_motion_sensors.c:304:9:BSP_MOTION_SENSOR_Enable	8	static
STWIN_motion_sensors.c:343:9:BSP_MOTION_SENSOR_Disable	8	static
STWIN_motion_sensors.c:383:9:BSP_MOTION_SENSOR_GetAxes	8	static
STWIN_motion_sensors.c:423:9:BSP_MOTION_SENSOR_GetAxesRaw	8	static
STWIN_motion_sensors.c:463:9:BSP_MOTION_SENSOR_GetSensitivity	8	static
STWIN_motion_sensors.c:504:9:BSP_MOTION_SENSOR_GetOutputDataRate	8	static
STWIN_motion_sensors.c:544:9:BSP_MOTION_SENSOR_GetFullScale	8	static
STWIN_motion_sensors.c:584:9:BSP_MOTION_SENSOR_SetOutputDataRate	8	static
STWIN_motion_sensors.c:624:9:BSP_MOTION_SENSOR_SetFullScale	8	static
