STWIN_bc.c:136:9:BSP_BC_CmdSend	16	static
STWIN_bc.c:177:9:BSP_BC_IsChgPinToggling	8	static
STWIN_bc.c:261:9:BSP_BC_GetVoltage	8	static
STWIN_bc.c:297:9:BSP_BC_GetVoltageAndLevel	24	static
STWIN_bc.c:384:6:BC_IO_SW_SEL_Init	32	static
STWIN_bc.c:374:6:BC_IO_Init	8	static
STWIN_bc.c:404:6:BC_IO_CHG_Init	32	static
STWIN_bc.c:422:6:BC_IO_CHG_DeInit	8	static
STWIN_bc.c:433:6:BC_CmdMng	8	static,ignoring_inline_asm
STWIN_bc.c:512:6:BC_ChgPinFreqGet	8	static
STWIN_bc.c:165:6:BSP_BC_ChgPinHasToggled	8	static
STWIN_bc.c:549:6:BC_ChgPinFreq2ChgSts	0	static
STWIN_bc.c:242:6:BSP_BC_GetState	8	static
STWIN_bc.c:577:6:BC_Chg_TIMx_Init	32	static
STWIN_bc.c:124:6:BSP_BC_Chrg_Init	8	static
STWIN_bc.c:666:6:HAL_TIM_IC_MspInit	40	static
STWIN_bc.c:699:6:HAL_TIM_BC_MspInit	16	static
STWIN_bc.c:620:6:BC_TIMx_Init	32	static
STWIN_bc.c:363:6:BC_InitCommon	8	static
STWIN_bc.c:116:6:BSP_BC_Init	8	static
STWIN_bc.c:718:6:HAL_TIM_BC_MspDeInit	8	static
STWIN_bc.c:737:6:HAL_ADC_BC_MspInit	32	static
STWIN_bc.c:768:16:Channel_ADC1_Init	64	static
STWIN_bc.c:204:9:BSP_BC_BatMS_Init	8	static
STWIN_bc.c:757:6:HAL_ADC_BC_MspDeInit	8	static
STWIN_bc.c:220:9:BSP_BC_BatMS_DeInit	8	static
STWIN_bc.c:854:6:STBC02_CHG_PIN_Callback	8	static
STWIN_bc.c:860:6:EXTI15_10_IRQHandler	8	static
STWIN_bc.c:876:6:TIM7_IRQHandler	8	static
STWIN_bc.c:885:6:STBC02_CHG_EXTI_IRQHandler	8	static
STWIN_bc.c:895:6:TIM3_IRQHandler	8	static
