STWIN_bus.c:1672:13:I2C1_MspInit	32	static
STWIN_bus.c:1820:13:I2C4_MspInit	32	static
STWIN_bus.c:1533:13:SPI2_MspInit	48	static
STWIN_bus.c:1605:13:SPI3_MspInit	40	static
STWIN_bus.c:1899:6:USART3_MspInit	48	static
STWIN_bus.c:1692:13:I2C1_MspDeInit	8	static
STWIN_bus.c:1775:13:I2C2_MspDeInit	8	static
STWIN_bus.c:1840:13:I2C4_MspDeInit	8	static
STWIN_bus.c:1490:13:SPI1_MspDeInit	8	static
STWIN_bus.c:1561:13:SPI2_MspDeInit	8	static
STWIN_bus.c:1627:13:SPI3_MspDeInit	8	static
STWIN_bus.c:1938:6:USART3_MspDeInit	8	static
STWIN_bus.c:1736:13:I2C2_MspInit	200	static
STWIN_bus.c:1467:13:SPI1_MspInit	40	static
STWIN_bus.c:158:9:BSP_I2C1_DeInit	8	static
STWIN_bus.c:177:9:BSP_I2C1_IsReady	8	static
STWIN_bus.c:188:9:BSP_I2C1_WriteReg	24	static
STWIN_bus.c:207:10:BSP_I2C1_ReadReg	24	static
STWIN_bus.c:227:9:BSP_I2C1_WriteReg16	24	static
STWIN_bus.c:246:10:BSP_I2C1_ReadReg16	24	static
STWIN_bus.c:266:9:BSP_I2C1_Send	16	static
STWIN_bus.c:283:9:BSP_I2C1_Recv	16	static
STWIN_bus.c:301:9:BSP_I2C1_SendRecv	24	static
STWIN_bus.c:368:9:BSP_I2C2_DeInit	8	static
STWIN_bus.c:387:9:BSP_I2C2_IsReady	8	static
STWIN_bus.c:398:9:BSP_I2C2_WriteReg	24	static
STWIN_bus.c:417:10:BSP_I2C2_ReadReg	24	static
STWIN_bus.c:437:9:BSP_I2C2_WriteReg16	24	static
STWIN_bus.c:456:10:BSP_I2C2_ReadReg16	24	static
STWIN_bus.c:476:9:BSP_I2C2_Send	16	static
STWIN_bus.c:493:9:BSP_I2C2_Recv	16	static
STWIN_bus.c:511:9:BSP_I2C2_SendRecv	24	static
STWIN_bus.c:578:9:BSP_I2C4_DeInit	8	static
STWIN_bus.c:597:9:BSP_I2C4_IsReady	8	static
STWIN_bus.c:608:9:BSP_I2C4_WriteReg	24	static
STWIN_bus.c:627:10:BSP_I2C4_ReadReg	24	static
STWIN_bus.c:647:9:BSP_I2C4_WriteReg16	24	static
STWIN_bus.c:666:10:BSP_I2C4_ReadReg16	24	static
STWIN_bus.c:686:9:BSP_I2C4_Send	16	static
STWIN_bus.c:703:9:BSP_I2C4_Recv	16	static
STWIN_bus.c:721:9:BSP_I2C4_SendRecv	24	static
STWIN_bus.c:782:9:BSP_SPI1_DeInit	8	static
STWIN_bus.c:802:9:BSP_SPI1_Send	8	static
STWIN_bus.c:819:10:BSP_SPI1_Recv	8	static
STWIN_bus.c:836:9:BSP_SPI1_SendRecv	16	static
STWIN_bus.c:889:9:BSP_SPI2_DeInit	8	static
STWIN_bus.c:910:9:BSP_SPI2_Send	8	static
STWIN_bus.c:927:9:BSP_SPI2_Recv	8	static
STWIN_bus.c:944:9:BSP_SPI2_SendRecv	16	static
STWIN_bus.c:994:9:BSP_SPI3_DeInit	8	static
STWIN_bus.c:1014:9:BSP_SPI3_Send	8	static
STWIN_bus.c:1031:10:BSP_SPI3_Recv	8	static
STWIN_bus.c:1048:9:BSP_SPI3_SendRecv	16	static
STWIN_bus.c:1097:9:BSP_USART3_DeInit	8	static
STWIN_bus.c:1436:9:BSP_GetTick	8	static
STWIN_bus.c:1442:26:MX_SPI1_Init	8	static
STWIN_bus.c:748:9:BSP_SPI1_Init	8	static
STWIN_bus.c:1508:26:MX_SPI2_Init	8	static
STWIN_bus.c:852:9:BSP_SPI2_Init	8	static
STWIN_bus.c:1578:26:MX_SPI3_Init	8	static
STWIN_bus.c:960:9:BSP_SPI3_Init	8	static
STWIN_bus.c:1642:26:MX_I2C1_Init	16	static
STWIN_bus.c:114:9:BSP_I2C1_Init	8	static
STWIN_bus.c:1706:26:MX_I2C2_Init	16	static
STWIN_bus.c:324:9:BSP_I2C2_Init	8	static
STWIN_bus.c:1790:26:MX_I2C4_Init	16	static
STWIN_bus.c:534:9:BSP_I2C4_Init	8	static
STWIN_bus.c:1859:26:MX_USART3_UART_Init	16	static
STWIN_bus.c:1069:9:BSP_USART3_Init	8	static
