STWIN_audio.c:256:16:BSP_AUDIO_IN_DeInit	16	static
STWIN_audio.c:335:9:BSP_AUDIO_IN_Record	16	static
STWIN_audio.c:381:9:BSP_AUDIO_IN_Stop	16	static
STWIN_audio.c:426:9:BSP_AUDIO_IN_Pause	16	static
STWIN_audio.c:465:9:BSP_AUDIO_IN_Resume	16	static
STWIN_audio.c:510:9:BSP_AUDIO_IN_RecordChannels	0	static
STWIN_audio.c:525:9:BSP_AUDIO_IN_StopChannels	0	static
STWIN_audio.c:539:9:BSP_AUDIO_IN_PauseChannels	0	static
STWIN_audio.c:553:9:BSP_AUDIO_IN_ResumeChannels	0	static
STWIN_audio.c:604:9:BSP_AUDIO_IN_GetDevice	0	static
STWIN_audio.c:664:9:BSP_AUDIO_IN_GetSampleRate	0	static
STWIN_audio.c:726:9:BSP_AUDIO_IN_GetBitsPerSample	0	static
STWIN_audio.c:786:9:BSP_AUDIO_IN_GetChannelsNbr	0	static
STWIN_audio.c:809:9:BSP_AUDIO_IN_SetVolume	0	static
STWIN_audio.c:837:9:BSP_AUDIO_IN_GetVolume	0	static
STWIN_audio.c:861:9:BSP_AUDIO_IN_GetState	0	static
STWIN_audio.c:980:13:BSP_AUDIO_IN_TransferComplete_CallBack	0	static
STWIN_audio.c:885:6:HAL_DFSDM_FilterRegConvCpltCallback	8	static
STWIN_audio.c:994:13:BSP_AUDIO_IN_HalfTransfer_CallBack	0	static
STWIN_audio.c:932:6:HAL_DFSDM_FilterRegConvHalfCpltCallback	8	static
STWIN_audio.c:1008:13:BSP_AUDIO_IN_Error_CallBack	0	static
STWIN_audio.c:1028:26:MX_DFSDM_Init	32	static
STWIN_audio.c:1151:6:DFSDM_ChannelMspInit	40	static
STWIN_audio.c:1188:6:DFSDM_FilterMspInit	24	static
STWIN_audio.c:1234:6:HAL_ADC_Audio_MspInit	64	static
STWIN_audio.c:1122:6:MX_ADC1_Init	40	static
STWIN_audio.c:150:16:BSP_AUDIO_IN_Init	80	static
STWIN_audio.c:567:9:BSP_AUDIO_IN_SetDevice	40	static
STWIN_audio.c:627:9:BSP_AUDIO_IN_SetSampleRate	40	static
STWIN_audio.c:689:9:BSP_AUDIO_IN_SetBitsPerSample	40	static
STWIN_audio.c:749:9:BSP_AUDIO_IN_SetChannelsNbr	40	static
