hci_tl_interface.c:80:9:HCI_TL_SPI_Init	72	static
hci_tl_interface.c:131:9:HCI_TL_SPI_DeInit	8	static
hci_tl_interface.c:145:9:HCI_TL_SPI_Reset	8	static
hci_tl_interface.c:68:13:HCI_TL_SPI_Disable_IRQ	8	static
hci_tl_interface.c:58:13:HCI_TL_SPI_Enable_IRQ	8	static
hci_tl_interface.c:165:9:HCI_TL_SPI_Receive	32	static
hci_tl_interface.c:318:16:IsDataAvailable	8	static
hci_tl_interface.c:231:9:HCI_TL_SPI_Send	40	static
hci_tl_interface.c:331:6:hci_tl_lowlevel_init	40	static
hci_tl_interface.c:370:6:hci_tl_lowlevel_isr	8	static
