main.c:852:13:AudioProcess_DB_Noise	4	static
main.c:839:13:AudioProcess	8	static
main.c:1358:6:APP_UserEvtRx	16	static
main.c:781:13:ButtonCallback	272	static
main.c:1659:22:ReCallNodeNameFromMemory	16	static
main.c:1455:13:Init_BlueNRG_Custom_Services	272	static
main.c:258:13:_MotionMLIntSet	272	static
main.c:281:13:MotionMLIntSet	16	static
main.c:309:13:InitMotionML	8	static
main.c:894:13:SendEnvironmentalData	288	static
main.c:871:13:SendAudioLevelData	32	static
main.c:472:13:MotionMLTrainingData	336	static
main.c:795:13:SendMotionData	48	static
main.c:1012:13:SendBatteryInfoData	352	static
main.c:341:13:getMotionMLData	288	static
main.c:1063:13:SendTaiChiData	312	static
main.c:1400:9:getBlueNRG2_Version	328	static
main.c:1248:13:Init_BlueNRG_Stack	344	static
main.c:1738:6:HAL_TIM_OC_DelayElapsedCallback	8	static
main.c:1757:6:HAL_TIM_PeriodElapsedCallback	8	static
main.c:1786:6:HAL_TIM_IC_CaptureCallback	8	static
main.c:1799:6:BSP_AUDIO_IN_HalfTransfer_CallBack	8	static
main.c:1809:6:BSP_AUDIO_IN_TransferComplete_CallBack	8	static
main.c:1819:6:HAL_GPIO_EXTI_Callback	264	static
main.c:1868:6:HAL_Delay	16	static,ignoring_inline_asm
main.c:1882:6:Error_Handler	0	static
main.c:1574:6:SystemClock_Config	256	static
main.c:1160:13:MX_CRC_Init	8	static
main.c:1177:13:InitTimers	48	static
main.c:516:5:main	312	static
main.c:1895:6:Get_McuId	0	static
main.c:1931:15:SaveVibrationParamToMemory	272	static
