main.c:870:13:AudioProcess_DB_Noise	4	static
main.c:857:13:AudioProcess	8	static
main.c:1581:6:APP_UserEvtRx	16	static
main.c:799:13:ButtonCallback	272	static
main.c:1886:22:ReCallNodeNameFromMemory	16	static
main.c:1678:13:Init_BlueNRG_Custom_Services	272	static
main.c:260:13:_MotionMLIntSet	272	static
main.c:283:13:MotionMLIntSet	16	static
main.c:311:13:InitMotionML	8	static
main.c:912:13:SendEnvironmentalData	288	static
main.c:889:13:SendAudioLevelData	32	static
main.c:813:13:SendMotionData	48	static
main.c:1030:13:SendBatteryInfoData	352	static
main.c:345:13:getMotionMLData	288	static
main.c:1239:13:SendTaiChiData	312	static
main.c:1085:6:TaiChiDisableHW	8	static
main.c:1152:6:TaiChiEnableHW	40	static
main.c:1623:9:getBlueNRG2_Version	328	static
main.c:1471:13:Init_BlueNRG_Stack	344	static
main.c:1965:6:HAL_TIM_OC_DelayElapsedCallback	8	static
main.c:1984:6:HAL_TIM_PeriodElapsedCallback	8	static
main.c:2013:6:HAL_TIM_IC_CaptureCallback	8	static
main.c:2026:6:BSP_AUDIO_IN_HalfTransfer_CallBack	8	static
main.c:2036:6:BSP_AUDIO_IN_TransferComplete_CallBack	8	static
main.c:2046:6:HAL_GPIO_EXTI_Callback	264	static
main.c:2095:6:HAL_Delay	16	static,ignoring_inline_asm
main.c:2109:6:Error_Handler	0	static
main.c:1799:6:SystemClock_Config	256	static
main.c:1383:13:MX_CRC_Init	8	static
main.c:1400:13:InitTimers	48	static
main.c:520:5:main	312	static
main.c:2122:6:Get_McuId	0	static
main.c:2158:15:SaveVibrationParamToMemory	272	static
