main.c:868:13:AudioProcess_DB_Noise	4	static
main.c:855:13:AudioProcess	8	static
main.c:1597:6:APP_UserEvtRx	16	static
main.c:797:13:ButtonCallback	272	static
main.c:1902:22:ReCallNodeNameFromMemory	16	static
main.c:1694:13:Init_BlueNRG_Custom_Services	272	static
main.c:260:13:_MotionMLIntSet	272	static
main.c:283:13:MotionMLIntSet	16	static
main.c:311:13:InitMotionML	8	static
main.c:910:13:SendEnvironmentalData	288	static
main.c:887:13:SendAudioLevelData	32	static
main.c:811:13:SendMotionData	48	static
main.c:1028:13:SendBatteryInfoData	352	static
main.c:345:13:getMotionMLData	288	static
main.c:1255:13:SendTaiChiData	312	static
main.c:1083:6:SleepDisable	8	static
main.c:1159:6:SleepEnable	64	static
main.c:1639:9:getBlueNRG2_Version	328	static
main.c:1487:13:Init_BlueNRG_Stack	344	static
main.c:1981:6:HAL_TIM_OC_DelayElapsedCallback	8	static
main.c:2000:6:HAL_TIM_PeriodElapsedCallback	8	static
main.c:2029:6:HAL_TIM_IC_CaptureCallback	8	static
main.c:2042:6:BSP_AUDIO_IN_HalfTransfer_CallBack	8	static
main.c:2052:6:BSP_AUDIO_IN_TransferComplete_CallBack	8	static
main.c:2062:6:HAL_GPIO_EXTI_Callback	264	static
main.c:2111:6:HAL_Delay	16	static,ignoring_inline_asm
main.c:2125:6:Error_Handler	0	static
main.c:1815:6:SystemClock_Config	256	static
main.c:1399:13:MX_CRC_Init	8	static
main.c:1416:13:InitTimers	48	static
main.c:520:5:main	312	static
main.c:2138:6:Get_McuId	0	static
main.c:2174:15:SaveVibrationParamToMemory	272	static
