MotionSP_Manager.c:902:13:MotionSP_TimeDomainAlarm	8	static
MotionSP_Manager.c:991:13:MotionSP_FreqDomainAlarm	24	static,ignoring_inline_asm
MotionSP_Manager.c:842:16:AccOdrMeas	24	static
MotionSP_Manager.c:1050:16:MotionSP_AccMeasInit	8	static
MotionSP_Manager.c:759:13:PrepareTotalBuffToSending	24	static
MotionSP_Manager.c:1089:13:AcceleroFifoRead	8	static
MotionSP_Manager.c:1112:13:FillCircBuffFromFifo	48	static
MotionSP_Manager.c:145:6:MotionSP_SetDefaultVibrationParam	272	static
MotionSP_Manager.c:173:6:MotionSP_VibrationInit	272	static
MotionSP_Manager.c:238:6:MotionSP_TimeDomainAlarmInit	288	static
MotionSP_Manager.c:281:6:MotionSP_FreqDomainAlarmInit	288	static
MotionSP_Manager.c:320:9:SetAccelerometerParameters	272	static
MotionSP_Manager.c:391:6:MotionSP_ConfigFifo	272	static
MotionSP_Manager.c:603:9:enable_FIFO	272	static
MotionSP_Manager.c:629:9:disable_FIFO	264	static
MotionSP_Manager.c:468:6:MotionSP_VibrationAnalysis	296	static
MotionSP_Manager.c:656:9:restart_FIFO	8	static
MotionSP_Manager.c:679:6:FuncOn_DRDY_XL	0	static
MotionSP_Manager.c:689:6:FuncOn_FifoFull	8	static
MotionSP_Manager.c:718:9:EnableDisable_ACC_HP_Filter	272	static
