sensor_service.c:394:19:Stderr_Update_AfterRead	16	static
sensor_service.c:2689:13:Force_UUID_Rescan	288	static
sensor_service.c:1787:13:BatteryFeatures_AttributeModified_CB	272	static
sensor_service.c:203:12:safe_aci_gatt_update_char_value	16	static
sensor_service.c:234:12:Add_ConfigW2ST_Service	56	static
sensor_service.c:273:12:Add_ConsoleW2ST_Service	56	static
sensor_service.c:332:12:Stderr_Update	40	static
sensor_service.c:411:19:Term_Update_AfterRead	280	static
sensor_service.c:363:12:Term_Update	296	static
sensor_service.c:1662:13:Environmental_AttributeModified_CB	264	static
sensor_service.c:1699:13:AccGyroMag_AttributeModified_CB	264	static
sensor_service.c:1741:13:AudioLevel_AttributeModified_CB	264	static
sensor_service.c:1840:13:FFTAmplitude_AttributeModified_CB	264	static
sensor_service.c:1879:13:TimeDomain_AttributeModified_CB	264	static
sensor_service.c:1904:13:FFTAlarmSpeedRMS_AttributeModified_CB	264	static
sensor_service.c:1933:13:FFTAlarmAccStatus_AttributeModified_CB	264	static
sensor_service.c:1964:13:FFTAlarmSubrangeStatus_AttributeModified_CB	264	static
sensor_service.c:2352:16:VibrationParametersCommandParsing	96	static
sensor_service.c:2589:17:ConfigCommandParsing	272	static
sensor_service.c:1988:17:DebugConsoleCommandParsing	352	static
sensor_service.c:435:12:Config_Notify	296	static
sensor_service.c:463:12:Add_HW_ServW2ST_Service	64	static
sensor_service.c:567:12:Add_TaiChi_ServW2ST_Service	56	static
sensor_service.c:620:12:Add_SW_ServW2ST_Service	56	static
sensor_service.c:716:12:AccGyroMag_Update	312	static
sensor_service.c:763:12:Environmental_Update	304	static
sensor_service.c:1474:13:Read_Request_CB	32	static
sensor_service.c:822:12:AudioLevel_Update	32	static
sensor_service.c:854:12:TaiChi_Update	280	static
sensor_service.c:1626:13:TaiChi_AttributeModified_CB	264	static
sensor_service.c:1528:13:Attribute_Modified_Request_CB	296	static
sensor_service.c:880:12:BatteryInfo_Update	304	static
sensor_service.c:937:12:FFT_Amplitude_Update	56	static
sensor_service.c:1009:6:aci_gatt_tx_pool_available_event	0	static
sensor_service.c:1019:12:TimeDomain_Update	312	static
sensor_service.c:1093:12:FFT_AlarmSpeedRMS_Status_Update	304	static
sensor_service.c:1163:12:FFT_AlarmAccStatus_Update	304	static
sensor_service.c:1233:12:FFT_AlarmSubrangeStatus_Update	312	static
sensor_service.c:1300:6:setBeacon	320	static
sensor_service.c:1362:6:setConnectable	336	static
sensor_service.c:2710:6:hci_le_connection_update_complete_event	272	static
sensor_service.c:2731:6:hci_le_connection_complete_event	288	static
sensor_service.c:2773:6:hci_disconnection_complete_event	272	static
sensor_service.c:2842:6:aci_gatt_read_permit_req_event	8	static
sensor_service.c:2856:6:aci_gatt_attribute_modified_event	16	static
