sensor_service.c:387:19:Stderr_Update_AfterRead	16	static
sensor_service.c:2638:13:Force_UUID_Rescan	288	static
sensor_service.c:1752:13:BatteryFeatures_AttributeModified_CB	8	static
sensor_service.c:196:12:safe_aci_gatt_update_char_value	16	static
sensor_service.c:227:12:Add_ConfigW2ST_Service	56	static
sensor_service.c:266:12:Add_ConsoleW2ST_Service	56	static
sensor_service.c:325:12:Stderr_Update	40	static
sensor_service.c:404:19:Term_Update_AfterRead	280	static
sensor_service.c:356:12:Term_Update	296	static
sensor_service.c:1599:13:TaiChi_AttributeModified_CB	264	static
sensor_service.c:1629:13:Environmental_AttributeModified_CB	264	static
sensor_service.c:1664:13:AccGyroMag_AttributeModified_CB	264	static
sensor_service.c:1706:13:AudioLevel_AttributeModified_CB	264	static
sensor_service.c:1789:13:FFTAmplitude_AttributeModified_CB	264	static
sensor_service.c:1828:13:TimeDomain_AttributeModified_CB	264	static
sensor_service.c:1853:13:FFTAlarmSpeedRMS_AttributeModified_CB	264	static
sensor_service.c:1882:13:FFTAlarmAccStatus_AttributeModified_CB	264	static
sensor_service.c:1913:13:FFTAlarmSubrangeStatus_AttributeModified_CB	264	static
sensor_service.c:2301:16:VibrationParametersCommandParsing	96	static
sensor_service.c:2538:17:ConfigCommandParsing	272	static
sensor_service.c:1937:17:DebugConsoleCommandParsing	352	static
sensor_service.c:1501:13:Attribute_Modified_Request_CB	296	static
sensor_service.c:428:12:Config_Notify	296	static
sensor_service.c:456:12:Add_HW_ServW2ST_Service	64	static
sensor_service.c:560:12:Add_TaiChi_ServW2ST_Service	64	static
sensor_service.c:613:12:Add_SW_ServW2ST_Service	56	static
sensor_service.c:709:12:AccGyroMag_Update	312	static
sensor_service.c:756:12:Environmental_Update	304	static
sensor_service.c:1447:13:Read_Request_CB	32	static
sensor_service.c:815:12:AudioLevel_Update	32	static
sensor_service.c:847:12:TaiChi_Update	280	static
sensor_service.c:873:12:BatteryInfo_Update	304	static
sensor_service.c:930:12:FFT_Amplitude_Update	56	static
sensor_service.c:1002:6:aci_gatt_tx_pool_available_event	0	static
sensor_service.c:1012:12:TimeDomain_Update	312	static
sensor_service.c:1086:12:FFT_AlarmSpeedRMS_Status_Update	304	static
sensor_service.c:1156:12:FFT_AlarmAccStatus_Update	304	static
sensor_service.c:1226:12:FFT_AlarmSubrangeStatus_Update	312	static
sensor_service.c:1293:6:setBeacon	320	static
sensor_service.c:1355:6:setConnectable	96	static
sensor_service.c:2666:6:hci_le_connection_complete_event	288	static
sensor_service.c:2699:6:hci_disconnection_complete_event	280	static
sensor_service.c:2757:6:aci_gatt_read_permit_req_event	8	static
sensor_service.c:2771:6:aci_gatt_attribute_modified_event	16	static
