stm32l4xx_it.c:64:6:NMI_Handler	0	static
stm32l4xx_it.c:73:6:HardFault_Handler	0	static
stm32l4xx_it.c:86:6:MemManage_Handler	0	static
stm32l4xx_it.c:99:6:BusFault_Handler	0	static
stm32l4xx_it.c:112:6:UsageFault_Handler	0	static
stm32l4xx_it.c:125:6:SVC_Handler	0	static
stm32l4xx_it.c:134:6:DebugMon_Handler	0	static
stm32l4xx_it.c:143:6:PendSV_Handler	0	static
stm32l4xx_it.c:152:6:SysTick_Handler	8	static
stm32l4xx_it.c:164:6:DMA1_Channel1_IRQHandler	8	static
stm32l4xx_it.c:169:6:DMA1_Channel4_IRQHandler	8	static
stm32l4xx_it.c:174:6:DMA1_Channel7_IRQHandler	8	static
stm32l4xx_it.c:180:6:DFSDM1_FLT0_IRQHandler	8	static
stm32l4xx_it.c:185:6:DFSDM1_FLT1_IRQHandler	8	static
stm32l4xx_it.c:195:6:TIM4_IRQHandler	8	static
stm32l4xx_it.c:205:6:TIM5_IRQHandler	8	static
stm32l4xx_it.c:215:6:TIM1_CC_IRQHandler	8	static
stm32l4xx_it.c:226:6:EXTI4_IRQHandler	8	static
stm32l4xx_it.c:236:6:EXTI1_IRQHandler	8	static
stm32l4xx_it.c:247:6:EXTI0_IRQHandler	8	static
stm32l4xx_it.c:258:6:OTG_FS_IRQHandler	8	static
stm32l4xx_it.c:268:6:TIM2_IRQHandler	8	static
