TargetPlatform.c:455:17:GetPage	0	static
TargetPlatform.c:478:17:GetBank	0	static
TargetPlatform.c:128:13:ISM330DHC_GPIO_Init	32	static
TargetPlatform.c:152:13:Init_MEMS_Sensors	272	static
TargetPlatform.c:257:13:Init_MEMS_Mics	272	static
TargetPlatform.c:312:6:InitTargetPlatform	288	static
TargetPlatform.c:381:6:InitMics	8	static
TargetPlatform.c:392:6:DeInitMics	272	static
TargetPlatform.c:424:6:LedOnTargetPlatform	8	static
TargetPlatform.c:435:6:LedOffTargetPlatform	8	static
TargetPlatform.c:445:6:LedToggleTargetPlatform	8	static
TargetPlatform.c:515:10:UserFunctionForErasingFlash	32	static
TargetPlatform.c:564:10:UserFunctionForSavingFlash	24	static
