TargetPlatform.c:445:17:GetPage	0	static
TargetPlatform.c:468:17:GetBank	0	static
TargetPlatform.c:128:13:ISM330DHC_GPIO_Init	32	static
TargetPlatform.c:152:13:Init_MEMS_Sensors	272	static
TargetPlatform.c:255:13:Init_MEMS_Mics	272	static
TargetPlatform.c:308:6:InitTargetPlatform	288	static
TargetPlatform.c:371:6:InitMics	8	static
TargetPlatform.c:382:6:DeInitMics	272	static
TargetPlatform.c:414:6:LedOnTargetPlatform	8	static
TargetPlatform.c:425:6:LedOffTargetPlatform	8	static
TargetPlatform.c:435:6:LedToggleTargetPlatform	8	static
TargetPlatform.c:505:10:UserFunctionForErasingFlash	32	static
TargetPlatform.c:554:10:UserFunctionForSavingFlash	24	static
