usbd_conf.c:61:6:HAL_PCD_SetupStageCallback	8	static
usbd_conf.c:72:6:HAL_PCD_DataOutStageCallback	8	static
usbd_conf.c:83:6:HAL_PCD_DataInStageCallback	8	static
usbd_conf.c:93:6:HAL_PCD_SOFCallback	8	static
usbd_conf.c:103:6:HAL_PCD_ResetCallback	8	static
usbd_conf.c:117:6:HAL_PCD_SuspendCallback	8	static
usbd_conf.c:127:6:HAL_PCD_ResumeCallback	8	static
usbd_conf.c:138:6:HAL_PCD_ISOOUTIncompleteCallback	8	static
usbd_conf.c:149:6:HAL_PCD_ISOINIncompleteCallback	8	static
usbd_conf.c:159:6:HAL_PCD_ConnectCallback	8	static
usbd_conf.c:169:6:HAL_PCD_DisconnectCallback	8	static
usbd_conf.c:184:20:USBD_LL_Init	16	static
usbd_conf.c:217:20:USBD_LL_DeInit	8	static
usbd_conf.c:228:20:USBD_LL_Start	8	static
usbd_conf.c:239:20:USBD_LL_Stop	8	static
usbd_conf.c:253:20:USBD_LL_OpenEP	8	static
usbd_conf.c:272:20:USBD_LL_CloseEP	8	static
usbd_conf.c:284:20:USBD_LL_FlushEP	8	static
usbd_conf.c:296:20:USBD_LL_StallEP	8	static
usbd_conf.c:308:20:USBD_LL_ClearStallEP	8	static
usbd_conf.c:320:9:USBD_LL_IsStallEP	0	static
usbd_conf.c:340:20:USBD_LL_SetUSBAddress	8	static
usbd_conf.c:354:20:USBD_LL_Transmit	8	static
usbd_conf.c:371:20:USBD_LL_PrepareReceive	8	static
usbd_conf.c:386:10:USBD_LL_GetRxDataSize	8	static
usbd_conf.c:396:6:USBD_LL_Delay	8	static
