bluenrg1_hci_le.c:24:12:hci_disconnect	296	static
bluenrg1_hci_le.c:51:12:hci_read_remote_version_information	296	static
bluenrg1_hci_le.c:75:12:hci_set_event_mask	304	static
bluenrg1_hci_le.c:98:12:hci_reset	40	static
bluenrg1_hci_le.c:114:12:hci_read_transmit_power_level	296	static
bluenrg1_hci_le.c:143:12:hci_read_local_version_information	64	static
bluenrg1_hci_le.c:169:12:hci_read_local_supported_commands	112	static
bluenrg1_hci_le.c:187:12:hci_read_local_supported_features	48	static
bluenrg1_hci_le.c:205:12:hci_read_bd_addr	40	static
bluenrg1_hci_le.c:223:12:hci_read_rssi	296	static
bluenrg1_hci_le.c:249:12:hci_le_set_event_mask	304	static
bluenrg1_hci_le.c:272:12:hci_le_read_buffer_size	48	static
bluenrg1_hci_le.c:292:12:hci_le_read_local_supported_features	48	static
bluenrg1_hci_le.c:310:12:hci_le_set_random_address	296	static
bluenrg1_hci_le.c:333:12:hci_le_set_advertising_parameters	312	static
bluenrg1_hci_le.c:377:12:hci_le_read_advertising_channel_tx_power	40	static
bluenrg1_hci_le.c:395:12:hci_le_set_advertising_data	312	static
bluenrg1_hci_le.c:421:12:hci_le_set_scan_response_data	312	static
bluenrg1_hci_le.c:447:12:hci_le_set_advertise_enable	296	static
bluenrg1_hci_le.c:470:12:hci_le_set_scan_parameters	304	static
bluenrg1_hci_le.c:505:12:hci_le_set_scan_enable	296	static
bluenrg1_hci_le.c:531:12:hci_le_create_connection	312	static
bluenrg1_hci_le.c:588:12:hci_le_create_connection_cancel	40	static
bluenrg1_hci_le.c:604:12:hci_le_read_white_list_size	40	static
bluenrg1_hci_le.c:622:12:hci_le_clear_white_list	40	static
bluenrg1_hci_le.c:638:12:hci_le_add_device_to_white_list	296	static
bluenrg1_hci_le.c:664:12:hci_le_remove_device_from_white_list	296	static
bluenrg1_hci_le.c:690:12:hci_le_connection_update	304	static
bluenrg1_hci_le.c:732:12:hci_le_set_host_channel_classification	296	static
bluenrg1_hci_le.c:755:12:hci_le_read_channel_map	312	static
bluenrg1_hci_le.c:781:12:hci_le_read_remote_used_features	296	static
bluenrg1_hci_le.c:805:12:hci_le_encrypt	328	static
bluenrg1_hci_le.c:834:12:hci_le_rand	48	static
bluenrg1_hci_le.c:852:12:hci_le_start_encryption	312	static
bluenrg1_hci_le.c:885:12:hci_le_long_term_key_request_reply	304	static
bluenrg1_hci_le.c:912:12:hci_le_long_term_key_requested_negative_reply	296	static
bluenrg1_hci_le.c:936:12:hci_le_read_supported_states	48	static
bluenrg1_hci_le.c:954:12:hci_le_receiver_test	296	static
bluenrg1_hci_le.c:977:12:hci_le_transmitter_test	304	static
bluenrg1_hci_le.c:1006:12:hci_le_test_end	40	static
bluenrg1_hci_le.c:1024:12:hci_le_set_data_length	296	static
bluenrg1_hci_le.c:1054:12:hci_le_read_suggested_default_data_length	48	static
bluenrg1_hci_le.c:1074:12:hci_le_write_suggested_default_data_length	296	static
bluenrg1_hci_le.c:1100:12:hci_le_read_local_p256_public_key	40	static
bluenrg1_hci_le.c:1117:12:hci_le_generate_dhkey	312	static
bluenrg1_hci_le.c:1141:12:hci_le_add_device_to_resolving_list	312	static
bluenrg1_hci_le.c:1173:12:hci_le_remove_device_from_resolving_list	296	static
bluenrg1_hci_le.c:1199:12:hci_le_clear_resolving_list	40	static
bluenrg1_hci_le.c:1215:12:hci_le_read_resolving_list_size	40	static
bluenrg1_hci_le.c:1233:12:hci_le_read_peer_resolvable_address	312	static
bluenrg1_hci_le.c:1262:12:hci_le_read_local_resolvable_address	312	static
bluenrg1_hci_le.c:1291:12:hci_le_set_address_resolution_enable	296	static
bluenrg1_hci_le.c:1314:12:hci_le_set_resolvable_private_address_timeout	296	static
bluenrg1_hci_le.c:1338:12:hci_le_read_maximum_data_length	64	static
