bluenrg1_events_cb.c:134:1:hci_disconnection_complete_event	0	static
bluenrg1_events_cb.c:167:1:hci_encryption_change_event	0	static
bluenrg1_events_cb.c:202:1:hci_read_remote_version_information_complete_event	0	static
bluenrg1_events_cb.c:225:1:hci_hardware_error_event	0	static
bluenrg1_events_cb.c:250:1:hci_number_of_completed_packets_event	0	static
bluenrg1_events_cb.c:266:1:hci_data_buffer_overflow_event	0	static
bluenrg1_events_cb.c:290:1:hci_encryption_key_refresh_complete_event	0	static
bluenrg1_events_cb.c:346:1:hci_le_connection_complete_event	0	static
bluenrg1_events_cb.c:371:1:hci_le_advertising_report_event	0	static
bluenrg1_events_cb.c:401:1:hci_le_connection_update_complete_event	0	static
bluenrg1_events_cb.c:422:1:hci_le_read_remote_used_features_complete_event	0	static
bluenrg1_events_cb.c:441:1:hci_le_long_term_key_request_event	0	static
bluenrg1_events_cb.c:463:1:hci_le_data_length_change_event	0	static
bluenrg1_events_cb.c:479:1:hci_le_read_local_p256_public_key_complete_event	0	static
bluenrg1_events_cb.c:493:1:hci_le_generate_dhkey_complete_event	0	static
bluenrg1_events_cb.c:564:1:hci_le_enhanced_connection_complete_event	0	static
bluenrg1_events_cb.c:594:1:hci_le_direct_advertising_report_event	0	static
bluenrg1_events_cb.c:615:1:aci_gap_limited_discoverable_event	0	static
bluenrg1_events_cb.c:649:1:aci_gap_pairing_complete_event	0	static
bluenrg1_events_cb.c:664:1:aci_gap_pass_key_req_event	0	static
bluenrg1_events_cb.c:678:1:aci_gap_authorization_req_event	0	static
bluenrg1_events_cb.c:688:1:aci_gap_slave_security_initiated_event	0	static
bluenrg1_events_cb.c:701:1:aci_gap_bond_lost_event	0	static
bluenrg1_events_cb.c:726:1:aci_gap_proc_complete_event	0	static
bluenrg1_events_cb.c:743:1:aci_gap_addr_not_resolved_event	0	static
bluenrg1_events_cb.c:756:1:aci_gap_numeric_comparison_value_event	0	static
bluenrg1_events_cb.c:769:1:aci_gap_keypress_notification_event	0	static
bluenrg1_events_cb.c:794:1:aci_gatt_attribute_modified_event	0	static
bluenrg1_events_cb.c:810:1:aci_gatt_proc_timeout_event	0	static
bluenrg1_events_cb.c:823:1:aci_att_exchange_mtu_resp_event	0	static
bluenrg1_events_cb.c:840:1:aci_att_find_info_resp_event	0	static
bluenrg1_events_cb.c:856:1:aci_att_find_by_type_value_resp_event	0	static
bluenrg1_events_cb.c:873:1:aci_att_read_by_type_resp_event	0	static
bluenrg1_events_cb.c:889:1:aci_att_read_resp_event	0	static
bluenrg1_events_cb.c:904:1:aci_att_read_blob_resp_event	0	static
bluenrg1_events_cb.c:920:1:aci_att_read_multiple_resp_event	0	static
bluenrg1_events_cb.c:937:1:aci_att_read_by_group_type_resp_event	0	static
bluenrg1_events_cb.c:955:1:aci_att_prepare_write_resp_event	0	static
bluenrg1_events_cb.c:970:1:aci_att_exec_write_resp_event	0	static
bluenrg1_events_cb.c:984:1:aci_gatt_indication_event	0	static
bluenrg1_events_cb.c:1001:1:aci_gatt_notification_event	0	static
bluenrg1_events_cb.c:1109:1:aci_gatt_proc_complete_event	0	static
bluenrg1_events_cb.c:1145:1:aci_gatt_error_resp_event	0	static
bluenrg1_events_cb.c:1169:1:aci_gatt_disc_read_char_by_uuid_resp_event	0	static
bluenrg1_events_cb.c:1196:1:aci_gatt_write_permit_req_event	0	static
bluenrg1_events_cb.c:1217:1:aci_gatt_read_permit_req_event	0	static
bluenrg1_events_cb.c:1237:1:aci_gatt_read_multi_permit_req_event	0	static
bluenrg1_events_cb.c:1254:1:aci_gatt_tx_pool_available_event	0	static
bluenrg1_events_cb.c:1266:1:aci_gatt_server_confirmation_event	0	static
bluenrg1_events_cb.c:1288:1:aci_gatt_prepare_write_permit_req_event	0	static
bluenrg1_events_cb.c:1314:1:aci_l2cap_connection_update_resp_event	0	static
bluenrg1_events_cb.c:1331:1:aci_l2cap_proc_timeout_event	0	static
bluenrg1_events_cb.c:1364:1:aci_l2cap_connection_update_req_event	0	static
bluenrg1_events_cb.c:1387:1:aci_l2cap_command_reject_event	0	static
bluenrg1_events_cb.c:1422:1:aci_blue_initialized_event	0	static
bluenrg1_events_cb.c:1498:1:aci_blue_events_lost_event	0	static
bluenrg1_events_cb.c:1526:1:aci_blue_crash_info_event	0	static
bluenrg1_events_cb.c:1571:1:aci_hal_end_of_radio_activity_event	0	static
bluenrg1_events_cb.c:1599:1:aci_hal_scan_req_report_event	0	static
bluenrg1_events_cb.c:1616:1:aci_hal_fw_error_event	0	static
