bluenrg1_events.c:323:12:hci_disconnection_complete_event_process	8	static
bluenrg1_events.c:362:12:hci_encryption_change_event_process	8	static
bluenrg1_events.c:403:12:hci_read_remote_version_information_complete_event_process	16	static
bluenrg1_events.c:432:12:hci_hardware_error_event_process	8	static
bluenrg1_events.c:463:12:hci_number_of_completed_packets_event_process	136	static
bluenrg1_events.c:494:12:hci_data_buffer_overflow_event_process	8	static
bluenrg1_events.c:524:12:hci_encryption_key_refresh_complete_event_process	8	static
bluenrg1_events.c:553:12:aci_blue_initialized_event_process	8	static
bluenrg1_events.c:635:12:aci_blue_events_lost_event_process	8	static
bluenrg1_events.c:669:12:aci_blue_crash_info_event_process	48	static
bluenrg1_events.c:720:12:aci_hal_end_of_radio_activity_event_process	8	static
bluenrg1_events.c:754:12:aci_hal_scan_req_report_event_process	8	static
bluenrg1_events.c:777:12:aci_hal_fw_error_event_process	8	static
bluenrg1_events.c:796:12:aci_gap_limited_discoverable_event_process	8	static
bluenrg1_events.c:834:12:aci_gap_pairing_complete_event_process	8	static
bluenrg1_events.c:855:12:aci_gap_pass_key_req_event_process	8	static
bluenrg1_events.c:875:12:aci_gap_authorization_req_event_process	8	static
bluenrg1_events.c:891:12:aci_gap_slave_security_initiated_event_process	8	static
bluenrg1_events.c:910:12:aci_gap_bond_lost_event_process	8	static
bluenrg1_events.c:939:12:aci_gap_proc_complete_event_process	8	static
bluenrg1_events.c:962:12:aci_gap_addr_not_resolved_event_process	8	static
bluenrg1_events.c:981:12:aci_gap_numeric_comparison_value_event_process	8	static
bluenrg1_events.c:1000:12:aci_gap_keypress_notification_event_process	8	static
bluenrg1_events.c:1020:12:aci_l2cap_connection_update_resp_event_process	8	static
bluenrg1_events.c:1043:12:aci_l2cap_proc_timeout_event_process	8	static
bluenrg1_events.c:1082:12:aci_l2cap_connection_update_req_event_process	32	static
bluenrg1_events.c:1111:12:aci_l2cap_command_reject_event_process	16	static
bluenrg1_events.c:1144:12:aci_gatt_attribute_modified_event_process	16	static
bluenrg1_events.c:1166:12:aci_gatt_proc_timeout_event_process	8	static
bluenrg1_events.c:1185:12:aci_att_exchange_mtu_resp_event_process	8	static
bluenrg1_events.c:1208:12:aci_att_find_info_resp_event_process	8	static
bluenrg1_events.c:1230:12:aci_att_find_by_type_value_resp_event_process	136	static
bluenrg1_events.c:1262:12:aci_att_read_by_type_resp_event_process	8	static
bluenrg1_events.c:1284:12:aci_att_read_resp_event_process	8	static
bluenrg1_events.c:1305:12:aci_att_read_blob_resp_event_process	8	static
bluenrg1_events.c:1327:12:aci_att_read_multiple_resp_event_process	8	static
bluenrg1_events.c:1350:12:aci_att_read_by_group_type_resp_event_process	8	static
bluenrg1_events.c:1374:12:aci_att_prepare_write_resp_event_process	16	static
bluenrg1_events.c:1395:12:aci_att_exec_write_resp_event_process	8	static
bluenrg1_events.c:1415:12:aci_gatt_indication_event_process	8	static
bluenrg1_events.c:1438:12:aci_gatt_notification_event_process	8	static
bluenrg1_events.c:1552:12:aci_gatt_proc_complete_event_process	8	static
bluenrg1_events.c:1594:12:aci_gatt_error_resp_event_process	8	static
bluenrg1_events.c:1624:12:aci_gatt_disc_read_char_by_uuid_resp_event_process	8	static
bluenrg1_events.c:1657:12:aci_gatt_write_permit_req_event_process	8	static
bluenrg1_events.c:1684:12:aci_gatt_read_permit_req_event_process	8	static
bluenrg1_events.c:1710:12:aci_gatt_read_multi_permit_req_event_process	136	static
bluenrg1_events.c:1740:12:aci_gatt_tx_pool_available_event_process	8	static
bluenrg1_events.c:1758:12:aci_gatt_server_confirmation_event_process	8	static
bluenrg1_events.c:1786:12:aci_gatt_prepare_write_permit_req_event_process	16	static
bluenrg1_events.c:1851:12:hci_le_connection_complete_event_process	40	static
bluenrg1_events.c:1882:12:hci_le_advertising_report_event_process	144	static
bluenrg1_events.c:1935:12:hci_le_connection_update_complete_event_process	16	static
bluenrg1_events.c:1962:12:hci_le_read_remote_used_features_complete_event_process	8	static
bluenrg1_events.c:1987:12:hci_le_long_term_key_request_event_process	8	static
bluenrg1_events.c:2015:12:hci_le_data_length_change_event_process	16	static
bluenrg1_events.c:2037:12:hci_le_read_local_p256_public_key_complete_event_process	8	static
bluenrg1_events.c:2057:12:hci_le_generate_dhkey_complete_event_process	8	static
bluenrg1_events.c:2134:12:hci_le_enhanced_connection_complete_event_process	56	static
bluenrg1_events.c:2170:12:hci_le_direct_advertising_report_event_process	152	static
