MotionSP.c:123:13:MotionSP_speedDelOffset	4	static
MotionSP.c:303:13:MotionSP_SwAccPkEval	0	static
MotionSP.c:330:13:MotionSP_TD_PeakEvalFromCircBuff	0	static
MotionSP.c:349:13:MotionSP_TD_SpeedEvalFromCircBuff	24	static
MotionSP.c:161:13:MotionSP_evalSpeedFromAccelero	12	static
MotionSP.c:220:13:MotionSP_SwSpeedRmsFilter	40	static
MotionSP.c:261:13:MotionSP_SwAccRmsFilter	40	static
MotionSP.c:388:13:MotionSP_TD_AccRmsEvalFromCircBuff	48	static
MotionSP.c:430:6:MotionSP_accDelOffset	4	static
MotionSP.c:469:6:MotionSP_CreateAccCircBuffer	16	static
MotionSP.c:492:6:MotionSP_TimeDomainProcess	24	static
MotionSP.c:536:6:MotionSP_TimeDomainEvalFromCircBuff	56	static
MotionSP.c:605:6:MotionSP_fftCalc	16	static
MotionSP.c:622:6:MotionSP_fftAdapt	4	static
MotionSP.c:647:6:MotionSP_fftAdapting	8	static
MotionSP.c:676:6:MotionSP_fftFindPeak	16	static
MotionSP.c:688:6:MotionSP_fftPeakFinding	16	static
MotionSP.c:704:6:MotionSP_SetWindFiltArray	40	static
MotionSP.c:759:6:motionSP_fftUseWindow	8	static
MotionSP.c:774:9:MotionSP_fftInBuild	32	static
MotionSP.c:817:9:MotionSP_fftAverageCalcSamples	24	static
MotionSP.c:867:9:MotionSP_fftAverageCalcTime	24	static
MotionSP.c:1079:6:MotionSP_evalMaxAmplitudeRange	48	static
MotionSP.c:903:6:MotionSP_FrequencyDomainProcess	32	static
MotionSP.c:986:6:MotionSP_fftExecution	32	static
MotionSP.c:1099:17:MotionSP_GetRealAcceleroOdr	0	static
MotionSP.c:1108:24:MotionSP_GetParameters	0	static
MotionSP.c:1117:19:MotionSP_GetAccMagResults	0	static
MotionSP.c:1126:20:MotionSP_GetTimeDomainData	0	static
